-- Logs begin at Tue 2021-09-14 22:44:16 UTC, end at Tue 2021-09-14 23:50:07 UTC. --
Sep 14 22:44:16 localhost systemd-journal[973]: Runtime journal is using 8.0M (max allowed 1.5G, trying to leave 2.3G free of 15.4G available → current limit 1.5G).
Sep 14 22:44:16 localhost kernel: Linux version 5.4.141-67.229.amzn2.x86_64 (mockbuild@ip-10-0-1-32) (gcc version 7.3.1 20180712 (Red Hat 7.3.1-13) (GCC)) #1 SMP Mon Aug 16 12:51:43 UTC 2021
Sep 14 22:44:16 localhost kernel: Command line: BOOT_IMAGE=/boot/vmlinuz-5.4.141-67.229.amzn2.x86_64 root=UUID=5f2e1d0d-14ba-4650-8b8f-4d9772356a1d ro console=tty0 console=ttyS0,115200n8 net.ifnames=0 biosdevname=0 nvme_core.io_timeout=4294967295 rd.emergency=poweroff rd.shell=0 LANG=en_US.UTF-8 KEYTABLE=us
Sep 14 22:44:16 localhost kernel: x86/fpu: Supporting XSAVE feature 0x001: 'x87 floating point registers'
Sep 14 22:44:16 localhost kernel: x86/fpu: Supporting XSAVE feature 0x002: 'SSE registers'
Sep 14 22:44:16 localhost kernel: x86/fpu: Supporting XSAVE feature 0x004: 'AVX registers'
Sep 14 22:44:16 localhost kernel: x86/fpu: xstate_offset[2]:  576, xstate_sizes[2]:  256
Sep 14 22:44:16 localhost kernel: x86/fpu: Enabled xstate features 0x7, context size is 832 bytes, using 'standard' format.
Sep 14 22:44:16 localhost kernel: BIOS-provided physical RAM map:
Sep 14 22:44:16 localhost kernel: BIOS-e820: [mem 0x0000000000000000-0x000000000009fbff] usable
Sep 14 22:44:16 localhost kernel: BIOS-e820: [mem 0x000000000009fc00-0x000000000009ffff] reserved
Sep 14 22:44:16 localhost kernel: BIOS-e820: [mem 0x00000000000f0000-0x00000000000fffff] reserved
Sep 14 22:44:16 localhost kernel: BIOS-e820: [mem 0x0000000000100000-0x00000000bffe8fff] usable
Sep 14 22:44:16 localhost kernel: BIOS-e820: [mem 0x00000000bffe9000-0x00000000bfffffff] reserved
Sep 14 22:44:16 localhost kernel: BIOS-e820: [mem 0x00000000e0000000-0x00000000e03fffff] reserved
Sep 14 22:44:16 localhost kernel: BIOS-e820: [mem 0x00000000fffc0000-0x00000000ffffffff] reserved
Sep 14 22:44:16 localhost kernel: BIOS-e820: [mem 0x0000000100000000-0x00000008299fffff] usable
Sep 14 22:44:16 localhost kernel: BIOS-e820: [mem 0x0000000829a00000-0x000000083fffffff] reserved
Sep 14 22:44:16 localhost kernel: NX (Execute Disable) protection: active
Sep 14 22:44:16 localhost kernel: SMBIOS 2.7 present.
Sep 14 22:44:16 localhost kernel: DMI: Amazon EC2 c5a.4xlarge/, BIOS 1.0 10/16/2017
Sep 14 22:44:16 localhost kernel: Hypervisor detected: KVM
Sep 14 22:44:16 localhost kernel: kvm-clock: Using msrs 4b564d01 and 4b564d00
Sep 14 22:44:16 localhost kernel: kvm-clock: cpu 0, msr 2e01001, primary cpu clock
Sep 14 22:44:16 localhost kernel: kvm-clock: using sched offset of 4015676632 cycles
Sep 14 22:44:16 localhost kernel: clocksource: kvm-clock: mask: 0xffffffffffffffff max_cycles: 0x1cd42e4dffb, max_idle_ns: 881590591483 ns
Sep 14 22:44:16 localhost kernel: tsc: Detected 2799.896 MHz processor
Sep 14 22:44:16 localhost kernel: e820: update [mem 0x00000000-0x00000fff] usable ==> reserved
Sep 14 22:44:16 localhost kernel: e820: remove [mem 0x000a0000-0x000fffff] usable
Sep 14 22:44:16 localhost kernel: last_pfn = 0x829a00 max_arch_pfn = 0x400000000
Sep 14 22:44:16 localhost kernel: MTRR default type: write-back
Sep 14 22:44:16 localhost kernel: MTRR fixed ranges enabled:
Sep 14 22:44:16 localhost kernel:   00000-9FFFF write-back
Sep 14 22:44:16 localhost kernel:   A0000-BFFFF uncachable
Sep 14 22:44:16 localhost kernel:   C0000-FFFFF write-protect
Sep 14 22:44:16 localhost kernel: MTRR variable ranges enabled:
Sep 14 22:44:16 localhost kernel:   0 base 0000C0000000 mask FFFFC0000000 uncachable
Sep 14 22:44:16 localhost kernel:   1 disabled
Sep 14 22:44:16 localhost kernel:   2 disabled
Sep 14 22:44:16 localhost kernel:   3 disabled
Sep 14 22:44:16 localhost kernel:   4 disabled
Sep 14 22:44:16 localhost kernel:   5 disabled
Sep 14 22:44:16 localhost kernel:   6 disabled
Sep 14 22:44:16 localhost kernel:   7 disabled
Sep 14 22:44:16 localhost kernel: x86/PAT: Configuration [0-7]: WB  WC  UC- UC  WB  WP  UC- WT  
Sep 14 22:44:16 localhost kernel: last_pfn = 0xbffe9 max_arch_pfn = 0x400000000
Sep 14 22:44:16 localhost kernel: check: Scanning 1 areas for low memory corruption
Sep 14 22:44:16 localhost kernel: Using GB pages for direct mapping
Sep 14 22:44:16 localhost kernel: RAMDISK: [mem 0x36003000-0x36ff9fff]
Sep 14 22:44:16 localhost kernel: ACPI: Early table checksum verification disabled
Sep 14 22:44:16 localhost kernel: ACPI: RSDP 0x00000000000F8F40 000014 (v00 AMAZON)
Sep 14 22:44:16 localhost kernel: ACPI: RSDT 0x00000000BFFEDCC0 000040 (v01 AMAZON AMZNRSDT 00000001 AMZN 00000001)
Sep 14 22:44:16 localhost kernel: ACPI: FACP 0x00000000BFFEFF80 000074 (v01 AMAZON AMZNFACP 00000001 AMZN 00000001)
Sep 14 22:44:16 localhost kernel: ACPI: DSDT 0x00000000BFFEDD00 0010E9 (v01 AMAZON AMZNDSDT 00000001 AMZN 00000001)
Sep 14 22:44:16 localhost kernel: ACPI: FACS 0x00000000BFFEFF40 000040
Sep 14 22:44:16 localhost kernel: ACPI: SSDT 0x00000000BFFEF170 000DC8 (v01 AMAZON AMZNSSDT 00000001 AMZN 00000001)
Sep 14 22:44:16 localhost kernel: ACPI: APIC 0x00000000BFFEF010 0000E6 (v01 AMAZON AMZNAPIC 00000001 AMZN 00000001)
Sep 14 22:44:16 localhost kernel: ACPI: SRAT 0x00000000BFFEEE90 000180 (v01 AMAZON AMZNSRAT 00000001 AMZN 00000001)
Sep 14 22:44:16 localhost kernel: ACPI: SLIT 0x00000000BFFEEE20 00006C (v01 AMAZON AMZNSLIT 00000001 AMZN 00000001)
Sep 14 22:44:16 localhost kernel: ACPI: WAET 0x00000000BFFEEDF0 000028 (v01 AMAZON AMZNWAET 00000001 AMZN 00000001)
Sep 14 22:44:16 localhost kernel: ACPI: HPET 0x00000000000C9000 000038 (v01 AMAZON AMZNHPET 00000001 AMZN 00000001)
Sep 14 22:44:16 localhost kernel: ACPI: Reserving FACP table memory at [mem 0xbffeff80-0xbffefff3]
Sep 14 22:44:16 localhost kernel: ACPI: Reserving DSDT table memory at [mem 0xbffedd00-0xbffeede8]
Sep 14 22:44:16 localhost kernel: ACPI: Reserving FACS table memory at [mem 0xbffeff40-0xbffeff7f]
Sep 14 22:44:16 localhost kernel: ACPI: Reserving SSDT table memory at [mem 0xbffef170-0xbffeff37]
Sep 14 22:44:16 localhost kernel: ACPI: Reserving APIC table memory at [mem 0xbffef010-0xbffef0f5]
Sep 14 22:44:16 localhost kernel: ACPI: Reserving SRAT table memory at [mem 0xbffeee90-0xbffef00f]
Sep 14 22:44:16 localhost kernel: ACPI: Reserving SLIT table memory at [mem 0xbffeee20-0xbffeee8b]
Sep 14 22:44:16 localhost kernel: ACPI: Reserving WAET table memory at [mem 0xbffeedf0-0xbffeee17]
Sep 14 22:44:16 localhost kernel: ACPI: Reserving HPET table memory at [mem 0xc9000-0xc9037]
Sep 14 22:44:16 localhost kernel: ACPI: Local APIC address 0xfee00000
Sep 14 22:44:16 localhost kernel: SRAT: PXM 0 -> APIC 0x00 -> Node 0
Sep 14 22:44:16 localhost kernel: SRAT: PXM 0 -> APIC 0x01 -> Node 0
Sep 14 22:44:16 localhost kernel: SRAT: PXM 0 -> APIC 0x02 -> Node 0
Sep 14 22:44:16 localhost kernel: SRAT: PXM 0 -> APIC 0x03 -> Node 0
Sep 14 22:44:16 localhost kernel: SRAT: PXM 0 -> APIC 0x04 -> Node 0
Sep 14 22:44:16 localhost kernel: SRAT: PXM 0 -> APIC 0x05 -> Node 0
Sep 14 22:44:16 localhost kernel: SRAT: PXM 0 -> APIC 0x06 -> Node 0
Sep 14 22:44:16 localhost kernel: SRAT: PXM 0 -> APIC 0x07 -> Node 0
Sep 14 22:44:16 localhost kernel: SRAT: PXM 0 -> APIC 0x08 -> Node 0
Sep 14 22:44:16 localhost kernel: SRAT: PXM 0 -> APIC 0x09 -> Node 0
Sep 14 22:44:16 localhost kernel: SRAT: PXM 0 -> APIC 0x0a -> Node 0
Sep 14 22:44:16 localhost kernel: SRAT: PXM 0 -> APIC 0x0b -> Node 0
Sep 14 22:44:16 localhost kernel: SRAT: PXM 0 -> APIC 0x0c -> Node 0
Sep 14 22:44:16 localhost kernel: SRAT: PXM 0 -> APIC 0x0d -> Node 0
Sep 14 22:44:16 localhost kernel: SRAT: PXM 0 -> APIC 0x0e -> Node 0
Sep 14 22:44:16 localhost kernel: SRAT: PXM 0 -> APIC 0x0f -> Node 0
Sep 14 22:44:16 localhost kernel: ACPI: SRAT: Node 0 PXM 0 [mem 0x00000000-0xbfffffff]
Sep 14 22:44:16 localhost kernel: ACPI: SRAT: Node 0 PXM 0 [mem 0x100000000-0x83fffffff]
Sep 14 22:44:16 localhost kernel: NUMA: Initialized distance table, cnt=1
Sep 14 22:44:16 localhost kernel: NUMA: Node 0 [mem 0x00000000-0xbfffffff] + [mem 0x100000000-0x8299fffff] -> [mem 0x00000000-0x8299fffff]
Sep 14 22:44:16 localhost kernel: NODE_DATA(0) allocated [mem 0x8299db000-0x8299fcfff]
Sep 14 22:44:16 localhost kernel: Zone ranges:
Sep 14 22:44:16 localhost kernel:   DMA      [mem 0x0000000000001000-0x0000000000ffffff]
Sep 14 22:44:16 localhost kernel:   DMA32    [mem 0x0000000001000000-0x00000000ffffffff]
Sep 14 22:44:16 localhost kernel:   Normal   [mem 0x0000000100000000-0x00000008299fffff]
Sep 14 22:44:16 localhost kernel: Movable zone start for each node
Sep 14 22:44:16 localhost kernel: Early memory node ranges
Sep 14 22:44:16 localhost kernel:   node   0: [mem 0x0000000000001000-0x000000000009efff]
Sep 14 22:44:16 localhost kernel:   node   0: [mem 0x0000000000100000-0x00000000bffe8fff]
Sep 14 22:44:16 localhost kernel:   node   0: [mem 0x0000000100000000-0x00000008299fffff]
Sep 14 22:44:16 localhost kernel: Zeroed struct page in unavailable ranges: 26233 pages
Sep 14 22:44:16 localhost kernel: Initmem setup node 0 [mem 0x0000000000001000-0x00000008299fffff]
Sep 14 22:44:16 localhost kernel: On node 0 totalpages: 8296839
Sep 14 22:44:16 localhost kernel:   DMA zone: 64 pages used for memmap
Sep 14 22:44:16 localhost kernel:   DMA zone: 21 pages reserved
Sep 14 22:44:16 localhost kernel:   DMA zone: 3998 pages, LIFO batch:0
Sep 14 22:44:16 localhost kernel:   DMA32 zone: 12224 pages used for memmap
Sep 14 22:44:16 localhost kernel:   DMA32 zone: 782313 pages, LIFO batch:63
Sep 14 22:44:16 localhost kernel:   Normal zone: 117352 pages used for memmap
Sep 14 22:44:16 localhost kernel:   Normal zone: 7510528 pages, LIFO batch:63
Sep 14 22:44:16 localhost kernel: ACPI: PM-Timer IO Port: 0xb008
Sep 14 22:44:16 localhost kernel: ACPI: Local APIC address 0xfee00000
Sep 14 22:44:16 localhost kernel: ACPI: LAPIC_NMI (acpi_id[0xff] dfl dfl lint[0x1])
Sep 14 22:44:16 localhost kernel: IOAPIC[0]: apic_id 0, version 17, address 0xfec00000, GSI 0-23
Sep 14 22:44:16 localhost kernel: ACPI: INT_SRC_OVR (bus 0 bus_irq 5 global_irq 5 high level)
Sep 14 22:44:16 localhost kernel: ACPI: INT_SRC_OVR (bus 0 bus_irq 9 global_irq 9 high level)
Sep 14 22:44:16 localhost kernel: ACPI: INT_SRC_OVR (bus 0 bus_irq 10 global_irq 10 high level)
Sep 14 22:44:16 localhost kernel: ACPI: INT_SRC_OVR (bus 0 bus_irq 11 global_irq 11 high level)
Sep 14 22:44:16 localhost kernel: ACPI: IRQ5 used by override.
Sep 14 22:44:16 localhost kernel: ACPI: IRQ9 used by override.
Sep 14 22:44:16 localhost kernel: ACPI: IRQ10 used by override.
Sep 14 22:44:16 localhost kernel: ACPI: IRQ11 used by override.
Sep 14 22:44:16 localhost kernel: Using ACPI (MADT) for SMP configuration information
Sep 14 22:44:16 localhost kernel: ACPI: HPET id: 0x8086a201 base: 0xfed00000
Sep 14 22:44:16 localhost kernel: smpboot: Allowing 16 CPUs, 0 hotplug CPUs
Sep 14 22:44:16 localhost kernel: PM: Registered nosave memory: [mem 0x00000000-0x00000fff]
Sep 14 22:44:16 localhost kernel: PM: Registered nosave memory: [mem 0x0009f000-0x0009ffff]
Sep 14 22:44:16 localhost kernel: PM: Registered nosave memory: [mem 0x000a0000-0x000effff]
Sep 14 22:44:16 localhost kernel: PM: Registered nosave memory: [mem 0x000f0000-0x000fffff]
Sep 14 22:44:16 localhost kernel: PM: Registered nosave memory: [mem 0xbffe9000-0xbfffffff]
Sep 14 22:44:16 localhost kernel: PM: Registered nosave memory: [mem 0xc0000000-0xdfffffff]
Sep 14 22:44:16 localhost kernel: PM: Registered nosave memory: [mem 0xe0000000-0xe03fffff]
Sep 14 22:44:16 localhost kernel: PM: Registered nosave memory: [mem 0xe0400000-0xfffbffff]
Sep 14 22:44:16 localhost kernel: PM: Registered nosave memory: [mem 0xfffc0000-0xffffffff]
Sep 14 22:44:16 localhost kernel: [mem 0xc0000000-0xdfffffff] available for PCI devices
Sep 14 22:44:16 localhost kernel: Booting paravirtualized kernel on KVM
Sep 14 22:44:16 localhost kernel: clocksource: refined-jiffies: mask: 0xffffffff max_cycles: 0xffffffff, max_idle_ns: 7645519600211568 ns
Sep 14 22:44:16 localhost kernel: setup_percpu: NR_CPUS:8192 nr_cpumask_bits:16 nr_cpu_ids:16 nr_node_ids:1
Sep 14 22:44:16 localhost kernel: percpu: Embedded 53 pages/cpu s180224 r8192 d28672 u262144
Sep 14 22:44:16 localhost kernel: pcpu-alloc: s180224 r8192 d28672 u262144 alloc=1*2097152
Sep 14 22:44:16 localhost kernel: pcpu-alloc: [0] 00 01 02 03 04 05 06 07 [0] 08 09 10 11 12 13 14 15 
Sep 14 22:44:16 localhost kernel: KVM setup async PF for cpu 0
Sep 14 22:44:16 localhost kernel: kvm-stealtime: cpu 0, msr 80962b040
Sep 14 22:44:16 localhost kernel: Built 1 zonelists, mobility grouping on.  Total pages: 8167178
Sep 14 22:44:16 localhost kernel: Policy zone: Normal
Sep 14 22:44:16 localhost kernel: Kernel command line: BOOT_IMAGE=/boot/vmlinuz-5.4.141-67.229.amzn2.x86_64 root=UUID=5f2e1d0d-14ba-4650-8b8f-4d9772356a1d ro console=tty0 console=ttyS0,115200n8 net.ifnames=0 biosdevname=0 nvme_core.io_timeout=4294967295 rd.emergency=poweroff rd.shell=0 LANG=en_US.UTF-8 KEYTABLE=us
Sep 14 22:44:16 localhost kernel: Dentry cache hash table entries: 4194304 (order: 13, 33554432 bytes, linear)
Sep 14 22:44:16 localhost kernel: Inode-cache hash table entries: 2097152 (order: 12, 16777216 bytes, linear)
Sep 14 22:44:16 localhost kernel: mem auto-init: stack:off, heap alloc:off, heap free:off
Sep 14 22:44:16 localhost kernel: Memory: 3161552K/33187356K available (10244K kernel code, 1834K rwdata, 5684K rodata, 2096K init, 7432K bss, 688100K reserved, 0K cma-reserved)
Sep 14 22:44:16 localhost kernel: random: get_random_u64 called from __kmem_cache_create+0x40/0x560 with crng_init=0
Sep 14 22:44:16 localhost kernel: SLUB: HWalign=64, Order=0-3, MinObjects=0, CPUs=16, Nodes=1
Sep 14 22:44:16 localhost kernel: ftrace: allocating 30490 entries in 120 pages
Sep 14 22:44:16 localhost kernel: rcu: Hierarchical RCU implementation.
Sep 14 22:44:16 localhost kernel: rcu:         RCU restricting CPUs from NR_CPUS=8192 to nr_cpu_ids=16.
Sep 14 22:44:16 localhost kernel: rcu: RCU calculated value of scheduler-enlistment delay is 25 jiffies.
Sep 14 22:44:16 localhost kernel: rcu: Adjusting geometry for rcu_fanout_leaf=16, nr_cpu_ids=16
Sep 14 22:44:16 localhost kernel: NR_IRQS: 524544, nr_irqs: 552, preallocated irqs: 16
Sep 14 22:44:16 localhost kernel: Console: colour VGA+ 80x25
Sep 14 22:44:16 localhost kernel: printk: console [tty0] enabled
Sep 14 22:44:16 localhost kernel: printk: console [ttyS0] enabled
Sep 14 22:44:16 localhost kernel: ACPI: Core revision 20190816
Sep 14 22:44:16 localhost kernel: clocksource: hpet: mask: 0xffffffff max_cycles: 0xffffffff, max_idle_ns: 30580167144 ns
Sep 14 22:44:16 localhost kernel: APIC: Switch to symmetric I/O mode setup
Sep 14 22:44:16 localhost kernel: Switched APIC routing to physical flat.
Sep 14 22:44:16 localhost kernel: ..TIMER: vector=0x30 apic1=0 pin1=0 apic2=-1 pin2=-1
Sep 14 22:44:16 localhost kernel: clocksource: tsc-early: mask: 0xffffffffffffffff max_cycles: 0x285bdea8055, max_idle_ns: 440795254251 ns
Sep 14 22:44:16 localhost kernel: Calibrating delay loop (skipped) preset value.. 5599.79 BogoMIPS (lpj=11199584)
Sep 14 22:44:16 localhost kernel: pid_max: default: 32768 minimum: 301
Sep 14 22:44:16 localhost kernel: LSM: Security Framework initializing
Sep 14 22:44:16 localhost kernel: Yama: becoming mindful.
Sep 14 22:44:16 localhost kernel: SELinux:  Initializing.
Sep 14 22:44:16 localhost kernel: *** VALIDATE SELinux ***
Sep 14 22:44:16 localhost kernel: Mount-cache hash table entries: 65536 (order: 7, 524288 bytes, linear)
Sep 14 22:44:16 localhost kernel: Mountpoint-cache hash table entries: 65536 (order: 7, 524288 bytes, linear)
Sep 14 22:44:16 localhost kernel: *** VALIDATE tmpfs ***
Sep 14 22:44:16 localhost kernel: *** VALIDATE proc ***
Sep 14 22:44:16 localhost kernel: *** VALIDATE cgroup1 ***
Sep 14 22:44:16 localhost kernel: *** VALIDATE cgroup2 ***
Sep 14 22:44:16 localhost kernel: Last level iTLB entries: 4KB 1024, 2MB 1024, 4MB 512
Sep 14 22:44:16 localhost kernel: Last level dTLB entries: 4KB 2048, 2MB 2048, 4MB 1024, 1GB 0
Sep 14 22:44:16 localhost kernel: Spectre V1 : Mitigation: usercopy/swapgs barriers and __user pointer sanitization
Sep 14 22:44:16 localhost kernel: Spectre V2 : Mitigation: Full AMD retpoline
Sep 14 22:44:16 localhost kernel: Spectre V2 : Spectre v2 / SpectreRSB mitigation: Filling RSB on context switch
Sep 14 22:44:16 localhost kernel: Spectre V2 : Enabling Restricted Speculation for firmware calls
Sep 14 22:44:16 localhost kernel: Spectre V2 : mitigation: Enabling conditional Indirect Branch Prediction Barrier
Sep 14 22:44:16 localhost kernel: Spectre V2 : User space: Mitigation: STIBP via seccomp and prctl
Sep 14 22:44:16 localhost kernel: Speculative Store Bypass: Mitigation: Speculative Store Bypass disabled via prctl and seccomp
Sep 14 22:44:16 localhost kernel: Freeing SMP alternatives memory: 28K
Sep 14 22:44:16 localhost kernel: smpboot: CPU0: AMD EPYC 7R32 (family: 0x17, model: 0x31, stepping: 0x0)
Sep 14 22:44:16 localhost kernel: Performance Events: PMU not available due to virtualization, using software events only.
Sep 14 22:44:16 localhost kernel: rcu: Hierarchical SRCU implementation.
Sep 14 22:44:16 localhost kernel: Decoding supported only on Scalable MCA processors.
Sep 14 22:44:16 localhost kernel: NMI watchdog: Perf NMI watchdog permanently disabled
Sep 14 22:44:16 localhost kernel: smp: Bringing up secondary CPUs ...
Sep 14 22:44:16 localhost kernel: x86: Booting SMP configuration:
Sep 14 22:44:16 localhost kernel: .... node  #0, CPUs:        #1
Sep 14 22:44:16 localhost kernel: kvm-clock: cpu 1, msr 2e01041, secondary cpu clock
Sep 14 22:44:16 localhost kernel: KVM setup async PF for cpu 1
Sep 14 22:44:16 localhost kernel: kvm-stealtime: cpu 1, msr 80966b040
Sep 14 22:44:16 localhost kernel:   #2
Sep 14 22:44:16 localhost kernel: kvm-clock: cpu 2, msr 2e01081, secondary cpu clock
Sep 14 22:44:16 localhost kernel: KVM setup async PF for cpu 2
Sep 14 22:44:16 localhost kernel: kvm-stealtime: cpu 2, msr 8096ab040
Sep 14 22:44:16 localhost kernel:   #3
Sep 14 22:44:16 localhost kernel: kvm-clock: cpu 3, msr 2e010c1, secondary cpu clock
Sep 14 22:44:16 localhost kernel: KVM setup async PF for cpu 3
Sep 14 22:44:16 localhost kernel: kvm-stealtime: cpu 3, msr 8096eb040
Sep 14 22:44:16 localhost kernel:   #4
Sep 14 22:44:16 localhost kernel: kvm-clock: cpu 4, msr 2e01101, secondary cpu clock
Sep 14 22:44:16 localhost kernel: KVM setup async PF for cpu 4
Sep 14 22:44:16 localhost kernel: kvm-stealtime: cpu 4, msr 80972b040
Sep 14 22:44:16 localhost kernel:   #5
Sep 14 22:44:16 localhost kernel: kvm-clock: cpu 5, msr 2e01141, secondary cpu clock
Sep 14 22:44:16 localhost kernel: KVM setup async PF for cpu 5
Sep 14 22:44:16 localhost kernel: kvm-stealtime: cpu 5, msr 80976b040
Sep 14 22:44:16 localhost kernel:   #6
Sep 14 22:44:16 localhost kernel: kvm-clock: cpu 6, msr 2e01181, secondary cpu clock
Sep 14 22:44:16 localhost kernel: KVM setup async PF for cpu 6
Sep 14 22:44:16 localhost kernel: kvm-stealtime: cpu 6, msr 8097ab040
Sep 14 22:44:16 localhost kernel:   #7
Sep 14 22:44:16 localhost kernel: kvm-clock: cpu 7, msr 2e011c1, secondary cpu clock
Sep 14 22:44:16 localhost kernel: KVM setup async PF for cpu 7
Sep 14 22:44:16 localhost kernel: kvm-stealtime: cpu 7, msr 8097eb040
Sep 14 22:44:16 localhost kernel:   #8
Sep 14 22:44:16 localhost kernel: kvm-clock: cpu 8, msr 2e01201, secondary cpu clock
Sep 14 22:44:16 localhost kernel: KVM setup async PF for cpu 8
Sep 14 22:44:16 localhost kernel: kvm-stealtime: cpu 8, msr 80982b040
Sep 14 22:44:16 localhost kernel:   #9
Sep 14 22:44:16 localhost kernel: kvm-clock: cpu 9, msr 2e01241, secondary cpu clock
Sep 14 22:44:16 localhost kernel: KVM setup async PF for cpu 9
Sep 14 22:44:16 localhost kernel: kvm-stealtime: cpu 9, msr 80986b040
Sep 14 22:44:16 localhost kernel:  #10
Sep 14 22:44:16 localhost kernel: kvm-clock: cpu 10, msr 2e01281, secondary cpu clock
Sep 14 22:44:16 localhost kernel: KVM setup async PF for cpu 10
Sep 14 22:44:16 localhost kernel: kvm-stealtime: cpu 10, msr 8098ab040
Sep 14 22:44:16 localhost kernel:  #11
Sep 14 22:44:16 localhost kernel: kvm-clock: cpu 11, msr 2e012c1, secondary cpu clock
Sep 14 22:44:16 localhost kernel: KVM setup async PF for cpu 11
Sep 14 22:44:16 localhost kernel: kvm-stealtime: cpu 11, msr 8098eb040
Sep 14 22:44:16 localhost kernel:  #12
Sep 14 22:44:16 localhost kernel: kvm-clock: cpu 12, msr 2e01301, secondary cpu clock
Sep 14 22:44:16 localhost kernel: KVM setup async PF for cpu 12
Sep 14 22:44:16 localhost kernel: kvm-stealtime: cpu 12, msr 80992b040
Sep 14 22:44:16 localhost kernel:  #13
Sep 14 22:44:16 localhost kernel: kvm-clock: cpu 13, msr 2e01341, secondary cpu clock
Sep 14 22:44:16 localhost kernel: KVM setup async PF for cpu 13
Sep 14 22:44:16 localhost kernel: kvm-stealtime: cpu 13, msr 80996b040
Sep 14 22:44:16 localhost kernel:  #14
Sep 14 22:44:16 localhost kernel: kvm-clock: cpu 14, msr 2e01381, secondary cpu clock
Sep 14 22:44:16 localhost kernel: KVM setup async PF for cpu 14
Sep 14 22:44:16 localhost kernel: kvm-stealtime: cpu 14, msr 8099ab040
Sep 14 22:44:16 localhost kernel:  #15
Sep 14 22:44:16 localhost kernel: kvm-clock: cpu 15, msr 2e013c1, secondary cpu clock
Sep 14 22:44:16 localhost kernel: KVM setup async PF for cpu 15
Sep 14 22:44:16 localhost kernel: kvm-stealtime: cpu 15, msr 8099eb040
Sep 14 22:44:16 localhost kernel: smp: Brought up 1 node, 16 CPUs
Sep 14 22:44:16 localhost kernel: smpboot: Max logical packages: 1
Sep 14 22:44:16 localhost kernel: smpboot: Total of 16 processors activated (89596.67 BogoMIPS)
Sep 14 22:44:16 localhost kernel: node 0 initialised, 7334426 pages in 60ms
Sep 14 22:44:16 localhost kernel: devtmpfs: initialized
Sep 14 22:44:16 localhost kernel: x86/mm: Memory block size: 128MB
Sep 14 22:44:16 localhost kernel: clocksource: jiffies: mask: 0xffffffff max_cycles: 0xffffffff, max_idle_ns: 7645041785100000 ns
Sep 14 22:44:16 localhost kernel: futex hash table entries: 4096 (order: 6, 262144 bytes, linear)
Sep 14 22:44:16 localhost kernel: NET: Registered protocol family 16
Sep 14 22:44:16 localhost kernel: audit: initializing netlink subsys (disabled)
Sep 14 22:44:16 localhost kernel: audit: type=2000 audit(1631659455.664:1): state=initialized audit_enabled=0 res=1
Sep 14 22:44:16 localhost kernel: cpuidle: using governor ladder
Sep 14 22:44:16 localhost kernel: cpuidle: using governor menu
Sep 14 22:44:16 localhost kernel: ACPI: bus type PCI registered
Sep 14 22:44:16 localhost kernel: acpiphp: ACPI Hot Plug PCI Controller Driver version: 0.5
Sep 14 22:44:16 localhost kernel: PCI: Using configuration type 1 for base access
Sep 14 22:44:16 localhost kernel: PCI: Using configuration type 1 for extended access
Sep 14 22:44:16 localhost kernel: HugeTLB registered 1.00 GiB page size, pre-allocated 0 pages
Sep 14 22:44:16 localhost kernel: HugeTLB registered 2.00 MiB page size, pre-allocated 0 pages
Sep 14 22:44:16 localhost kernel: ACPI: Added _OSI(Module Device)
Sep 14 22:44:16 localhost kernel: ACPI: Added _OSI(Processor Device)
Sep 14 22:44:16 localhost kernel: ACPI: Added _OSI(3.0 _SCP Extensions)
Sep 14 22:44:16 localhost kernel: ACPI: Added _OSI(Processor Aggregator Device)
Sep 14 22:44:16 localhost kernel: ACPI: Added _OSI(Linux-Dell-Video)
Sep 14 22:44:16 localhost kernel: ACPI: Added _OSI(Linux-Lenovo-NV-HDMI-Audio)
Sep 14 22:44:16 localhost kernel: ACPI: Added _OSI(Linux-HPI-Hybrid-Graphics)
Sep 14 22:44:16 localhost kernel: ACPI: 2 ACPI AML tables successfully acquired and loaded
Sep 14 22:44:16 localhost kernel: ACPI: Interpreter enabled
Sep 14 22:44:16 localhost kernel: ACPI: (supports S0 S4 S5)
Sep 14 22:44:16 localhost kernel: ACPI: Using IOAPIC for interrupt routing
Sep 14 22:44:16 localhost kernel: PCI: Using host bridge windows from ACPI; if necessary, use "pci=nocrs" and report a bug
Sep 14 22:44:16 localhost kernel: ACPI: Enabled 16 GPEs in block 00 to 0F
Sep 14 22:44:16 localhost kernel: ACPI: PCI Root Bridge [PCI0] (domain 0000 [bus 00-ff])
Sep 14 22:44:16 localhost kernel: acpi PNP0A03:00: _OSC: OS supports [ExtendedConfig ASPM ClockPM Segments MSI HPX-Type3]
Sep 14 22:44:16 localhost kernel: acpiphp: Slot [3] registered
Sep 14 22:44:16 localhost kernel: acpiphp: Slot [4] registered
Sep 14 22:44:16 localhost kernel: acpiphp: Slot [5] registered
Sep 14 22:44:16 localhost kernel: acpiphp: Slot [6] registered
Sep 14 22:44:16 localhost kernel: acpiphp: Slot [7] registered
Sep 14 22:44:16 localhost kernel: acpiphp: Slot [8] registered
Sep 14 22:44:16 localhost kernel: acpiphp: Slot [9] registered
Sep 14 22:44:16 localhost kernel: acpiphp: Slot [10] registered
Sep 14 22:44:16 localhost kernel: acpiphp: Slot [11] registered
Sep 14 22:44:16 localhost kernel: acpiphp: Slot [12] registered
Sep 14 22:44:16 localhost kernel: acpiphp: Slot [13] registered
Sep 14 22:44:16 localhost kernel: acpiphp: Slot [14] registered
Sep 14 22:44:16 localhost kernel: acpiphp: Slot [15] registered
Sep 14 22:44:16 localhost kernel: acpiphp: Slot [16] registered
Sep 14 22:44:16 localhost kernel: acpiphp: Slot [17] registered
Sep 14 22:44:16 localhost kernel: acpiphp: Slot [18] registered
Sep 14 22:44:16 localhost kernel: acpiphp: Slot [19] registered
Sep 14 22:44:16 localhost kernel: acpiphp: Slot [20] registered
Sep 14 22:44:16 localhost kernel: acpiphp: Slot [21] registered
Sep 14 22:44:16 localhost kernel: acpiphp: Slot [22] registered
Sep 14 22:44:16 localhost kernel: acpiphp: Slot [23] registered
Sep 14 22:44:16 localhost kernel: acpiphp: Slot [24] registered
Sep 14 22:44:16 localhost kernel: acpiphp: Slot [25] registered
Sep 14 22:44:16 localhost kernel: acpiphp: Slot [26] registered
Sep 14 22:44:16 localhost kernel: acpiphp: Slot [27] registered
Sep 14 22:44:16 localhost kernel: acpiphp: Slot [28] registered
Sep 14 22:44:16 localhost kernel: acpiphp: Slot [29] registered
Sep 14 22:44:16 localhost kernel: acpiphp: Slot [30] registered
Sep 14 22:44:16 localhost kernel: acpiphp: Slot [31] registered
Sep 14 22:44:16 localhost kernel: PCI host bridge to bus 0000:00
Sep 14 22:44:16 localhost kernel: pci_bus 0000:00: root bus resource [io  0x0000-0x0cf7 window]
Sep 14 22:44:16 localhost kernel: pci_bus 0000:00: root bus resource [io  0x0d00-0xffff window]
Sep 14 22:44:16 localhost kernel: pci_bus 0000:00: root bus resource [mem 0x000a0000-0x000bffff window]
Sep 14 22:44:16 localhost kernel: pci_bus 0000:00: root bus resource [mem 0xc0000000-0xfebfffff window]
Sep 14 22:44:16 localhost kernel: pci_bus 0000:00: root bus resource [bus 00-ff]
Sep 14 22:44:16 localhost kernel: pci 0000:00:00.0: [8086:1237] type 00 class 0x060000
Sep 14 22:44:16 localhost kernel: pci 0000:00:01.0: [8086:7000] type 00 class 0x060100
Sep 14 22:44:16 localhost kernel: pci 0000:00:01.3: [8086:7113] type 00 class 0x000000
Sep 14 22:44:16 localhost kernel: pci 0000:00:01.3: quirk: [io  0xb000-0xb03f] claimed by PIIX4 ACPI
Sep 14 22:44:16 localhost kernel: pci 0000:00:01.3: quirk: [io  0xb100-0xb10f] claimed by PIIX4 SMB
Sep 14 22:44:16 localhost kernel: pci 0000:00:01.3: PIIX4 devres E PIO at fff0-ffff
Sep 14 22:44:16 localhost kernel: pci 0000:00:01.3: PIIX4 devres F MMIO at ffc00000-ffffffff
Sep 14 22:44:16 localhost kernel: pci 0000:00:01.3: PIIX4 devres G PIO at fff0-ffff
Sep 14 22:44:16 localhost kernel: pci 0000:00:01.3: PIIX4 devres H MMIO at ffc00000-ffffffff
Sep 14 22:44:16 localhost kernel: pci 0000:00:01.3: PIIX4 devres I PIO at fff0-ffff
Sep 14 22:44:16 localhost kernel: pci 0000:00:01.3: PIIX4 devres J PIO at fff0-ffff
Sep 14 22:44:16 localhost kernel: pci 0000:00:01.3: quirk_piix4_acpi+0x0/0x160 took 35156 usecs
Sep 14 22:44:16 localhost kernel: pci 0000:00:03.0: [1d0f:1111] type 00 class 0x030000
Sep 14 22:44:16 localhost kernel: pci 0000:00:03.0: reg 0x10: [mem 0xfe400000-0xfe7fffff pref]
Sep 14 22:44:16 localhost kernel: pci 0000:00:03.0: reg 0x30: [mem 0xfebe0000-0xfebeffff pref]
Sep 14 22:44:16 localhost kernel: pci 0000:00:04.0: [1d0f:8061] type 00 class 0x010802
Sep 14 22:44:16 localhost kernel: pci 0000:00:04.0: reg 0x10: [mem 0xfebf0000-0xfebf3fff]
Sep 14 22:44:16 localhost kernel: pci 0000:00:05.0: [1d0f:ec20] type 00 class 0x020000
Sep 14 22:44:16 localhost kernel: pci 0000:00:05.0: reg 0x10: [mem 0xfebf4000-0xfebf7fff]
Sep 14 22:44:16 localhost kernel: pci 0000:00:05.0: reg 0x18: [mem 0xfe800000-0xfe8fffff pref]
Sep 14 22:44:16 localhost kernel: pci 0000:00:05.0: enabling Extended Tags
Sep 14 22:44:16 localhost kernel: ACPI: PCI Interrupt Link [LNKA] (IRQs 5 *10 11)
Sep 14 22:44:16 localhost kernel: ACPI: PCI Interrupt Link [LNKB] (IRQs 5 *10 11)
Sep 14 22:44:16 localhost kernel: ACPI: PCI Interrupt Link [LNKC] (IRQs 5 10 *11)
Sep 14 22:44:16 localhost kernel: ACPI: PCI Interrupt Link [LNKD] (IRQs 5 10 *11)
Sep 14 22:44:16 localhost kernel: ACPI: PCI Interrupt Link [LNKS] (IRQs *9)
Sep 14 22:44:16 localhost kernel: iommu: Default domain type: Translated 
Sep 14 22:44:16 localhost kernel: pci 0000:00:03.0: vgaarb: setting as boot VGA device
Sep 14 22:44:16 localhost kernel: pci 0000:00:03.0: vgaarb: VGA device added: decodes=io+mem,owns=io+mem,locks=none
Sep 14 22:44:16 localhost kernel: pci 0000:00:03.0: vgaarb: bridge control possible
Sep 14 22:44:16 localhost kernel: vgaarb: loaded
Sep 14 22:44:16 localhost kernel: EDAC MC: Ver: 3.0.0
Sep 14 22:44:16 localhost kernel: PCI: Using ACPI for IRQ routing
Sep 14 22:44:16 localhost kernel: PCI: pci_cache_line_size set to 64 bytes
Sep 14 22:44:16 localhost kernel: e820: reserve RAM buffer [mem 0x0009fc00-0x0009ffff]
Sep 14 22:44:16 localhost kernel: e820: reserve RAM buffer [mem 0xbffe9000-0xbfffffff]
Sep 14 22:44:16 localhost kernel: e820: reserve RAM buffer [mem 0x829a00000-0x82bffffff]
Sep 14 22:44:16 localhost kernel: NetLabel: Initializing
Sep 14 22:44:16 localhost kernel: NetLabel:  domain hash size = 128
Sep 14 22:44:16 localhost kernel: NetLabel:  protocols = UNLABELED CIPSOv4 CALIPSO
Sep 14 22:44:16 localhost kernel: NetLabel:  unlabeled traffic allowed by default
Sep 14 22:44:16 localhost kernel: hpet0: at MMIO 0xfed00000, IRQs 2, 8, 0, 0, 0, 0, 0, 0
Sep 14 22:44:16 localhost kernel: hpet0: 8 comparators, 32-bit 62.500000 MHz counter
Sep 14 22:44:16 localhost kernel: clocksource: Switched to clocksource kvm-clock
Sep 14 22:44:16 localhost kernel: *** VALIDATE bpf ***
Sep 14 22:44:16 localhost kernel: VFS: Disk quotas dquot_6.6.0
Sep 14 22:44:16 localhost kernel: VFS: Dquot-cache hash table entries: 512 (order 0, 4096 bytes)
Sep 14 22:44:16 localhost kernel: *** VALIDATE ramfs ***
Sep 14 22:44:16 localhost kernel: *** VALIDATE hugetlbfs ***
Sep 14 22:44:16 localhost kernel: pnp: PnP ACPI init
Sep 14 22:44:16 localhost kernel: pnp 00:00: Plug and Play ACPI device, IDs PNP0b00 (active)
Sep 14 22:44:16 localhost kernel: pnp 00:01: Plug and Play ACPI device, IDs PNP0303 (active)
Sep 14 22:44:16 localhost kernel: pnp 00:02: Plug and Play ACPI device, IDs PNP0f13 (active)
Sep 14 22:44:16 localhost kernel: pnp 00:03: Plug and Play ACPI device, IDs PNP0400 (active)
Sep 14 22:44:16 localhost kernel: pnp 00:04: Plug and Play ACPI device, IDs PNP0501 (active)
Sep 14 22:44:16 localhost kernel: pnp: PnP ACPI: found 5 devices
Sep 14 22:44:16 localhost kernel: thermal_sys: Registered thermal governor 'fair_share'
Sep 14 22:44:16 localhost kernel: thermal_sys: Registered thermal governor 'step_wise'
Sep 14 22:44:16 localhost kernel: thermal_sys: Registered thermal governor 'user_space'
Sep 14 22:44:16 localhost kernel: clocksource: acpi_pm: mask: 0xffffff max_cycles: 0xffffff, max_idle_ns: 2085701024 ns
Sep 14 22:44:16 localhost kernel: pci_bus 0000:00: resource 4 [io  0x0000-0x0cf7 window]
Sep 14 22:44:16 localhost kernel: pci_bus 0000:00: resource 5 [io  0x0d00-0xffff window]
Sep 14 22:44:16 localhost kernel: pci_bus 0000:00: resource 6 [mem 0x000a0000-0x000bffff window]
Sep 14 22:44:16 localhost kernel: pci_bus 0000:00: resource 7 [mem 0xc0000000-0xfebfffff window]
Sep 14 22:44:16 localhost kernel: NET: Registered protocol family 2
Sep 14 22:44:16 localhost kernel: IP idents hash table entries: 262144 (order: 9, 2097152 bytes, linear)
Sep 14 22:44:16 localhost kernel: tcp_listen_portaddr_hash hash table entries: 16384 (order: 6, 262144 bytes, linear)
Sep 14 22:44:16 localhost kernel: TCP established hash table entries: 262144 (order: 9, 2097152 bytes, linear)
Sep 14 22:44:16 localhost kernel: TCP bind hash table entries: 65536 (order: 8, 1048576 bytes, linear)
Sep 14 22:44:16 localhost kernel: TCP: Hash tables configured (established 262144 bind 65536)
Sep 14 22:44:16 localhost kernel: UDP hash table entries: 16384 (order: 7, 524288 bytes, linear)
Sep 14 22:44:16 localhost kernel: UDP-Lite hash table entries: 16384 (order: 7, 524288 bytes, linear)
Sep 14 22:44:16 localhost kernel: NET: Registered protocol family 1
Sep 14 22:44:16 localhost kernel: NET: Registered protocol family 44
Sep 14 22:44:16 localhost kernel: pci 0000:00:00.0: Limiting direct PCI/PCI transfers
Sep 14 22:44:16 localhost kernel: pci 0000:00:01.0: Activating ISA DMA hang workarounds
Sep 14 22:44:16 localhost kernel: pci 0000:00:03.0: Video device with shadowed ROM at [mem 0x000c0000-0x000dffff]
Sep 14 22:44:16 localhost kernel: PCI: CLS 0 bytes, default 64
Sep 14 22:44:16 localhost kernel: Trying to unpack rootfs image as initramfs...
Sep 14 22:44:16 localhost kernel: Freeing initrd memory: 16348K
Sep 14 22:44:16 localhost kernel: PCI-DMA: Using software bounce buffering for IO (SWIOTLB)
Sep 14 22:44:16 localhost kernel: software IO TLB: mapped [mem 0xbbfe9000-0xbffe9000] (64MB)
Sep 14 22:44:16 localhost kernel: clocksource: tsc: mask: 0xffffffffffffffff max_cycles: 0x285bdea8055, max_idle_ns: 440795254251 ns
Sep 14 22:44:16 localhost kernel: clocksource: Switched to clocksource tsc
Sep 14 22:44:16 localhost kernel: check: Scanning for low memory corruption every 60 seconds
Sep 14 22:44:16 localhost kernel: Initialise system trusted keyrings
Sep 14 22:44:16 localhost kernel: Key type blacklist registered
Sep 14 22:44:16 localhost kernel: workingset: timestamp_bits=36 max_order=23 bucket_order=0
Sep 14 22:44:16 localhost kernel: zbud: loaded
Sep 14 22:44:16 localhost kernel: Key type asymmetric registered
Sep 14 22:44:16 localhost kernel: Asymmetric key parser 'x509' registered
Sep 14 22:44:16 localhost kernel: Block layer SCSI generic (bsg) driver version 0.4 loaded (major 251)
Sep 14 22:44:16 localhost kernel: io scheduler mq-deadline registered
Sep 14 22:44:16 localhost kernel: io scheduler kyber registered
Sep 14 22:44:16 localhost kernel: io scheduler bfq registered
Sep 14 22:44:16 localhost kernel: crc32: CRC_LE_BITS = 64, CRC_BE BITS = 64
Sep 14 22:44:16 localhost kernel: crc32: self tests passed, processed 225944 bytes in 125905 nsec
Sep 14 22:44:16 localhost kernel: crc32c: CRC_LE_BITS = 64
Sep 14 22:44:16 localhost kernel: crc32c: self tests passed, processed 225944 bytes in 62972 nsec
Sep 14 22:44:16 localhost kernel: crc32_combine: 8373 self tests passed
Sep 14 22:44:16 localhost kernel: crc32c_combine: 8373 self tests passed
Sep 14 22:44:16 localhost kernel: shpchp: Standard Hot Plug PCI Controller Driver version: 0.4
Sep 14 22:44:16 localhost kernel: Serial: 8250/16550 driver, 4 ports, IRQ sharing disabled
Sep 14 22:44:16 localhost kernel: 00:04: ttyS0 at I/O 0x3f8 (irq = 4, base_baud = 115200) is a 16550A
Sep 14 22:44:16 localhost kernel: i8042: PNP: PS/2 Controller [PNP0303:KBD,PNP0f13:MOU] at 0x60,0x64 irq 1,12
Sep 14 22:44:16 localhost kernel: i8042: Warning: Keylock active
Sep 14 22:44:16 localhost kernel: serio: i8042 KBD port at 0x60,0x64 irq 1
Sep 14 22:44:16 localhost kernel: serio: i8042 AUX port at 0x60,0x64 irq 12
Sep 14 22:44:16 localhost kernel: rtc_cmos 00:00: RTC can wake from S4
Sep 14 22:44:16 localhost kernel: rtc_cmos 00:00: registered as rtc0
Sep 14 22:44:16 localhost kernel: rtc_cmos 00:00: alarms up to one day, 114 bytes nvram
Sep 14 22:44:16 localhost kernel: hidraw: raw HID events driver (C) Jiri Kosina
Sep 14 22:44:16 localhost kernel: NET: Registered protocol family 17
Sep 14 22:44:16 localhost kernel: IPI shorthand broadcast: enabled
Sep 14 22:44:16 localhost kernel: sched_clock: Marking stable (1655688004, 691101035)->(2420533315, -73744276)
Sep 14 22:44:16 localhost kernel: registered taskstats version 1
Sep 14 22:44:16 localhost kernel: Loading compiled-in X.509 certificates
Sep 14 22:44:16 localhost kernel: Loaded X.509 cert 'Build time autogenerated kernel key: a658007d0a5eda037903e39de15a7421b268c942'
Sep 14 22:44:16 localhost kernel: zswap: loaded using pool lzo/zbud
Sep 14 22:44:16 localhost kernel: ima: No TPM chip found, activating TPM-bypass!
Sep 14 22:44:16 localhost kernel: ima: Allocated hash algorithm: sha1
Sep 14 22:44:16 localhost kernel: ima: No architecture policies found
Sep 14 22:44:16 localhost kernel: rtc_cmos 00:00: setting system clock to 2021-09-14T22:44:16 UTC (1631659456)
Sep 14 22:44:16 localhost kernel: Freeing unused decrypted memory: 2040K
Sep 14 22:44:16 localhost kernel: Freeing unused kernel image memory: 2096K
Sep 14 22:44:16 localhost kernel: Write protecting the kernel read-only data: 18432k
Sep 14 22:44:16 localhost kernel: Freeing unused kernel image memory: 2012K
Sep 14 22:44:16 localhost kernel: Freeing unused kernel image memory: 460K
Sep 14 22:44:16 localhost kernel: Run /init as init process
Sep 14 22:44:16 localhost systemd[1]: Inserted module 'autofs4'
Sep 14 22:44:16 localhost kernel: NET: Registered protocol family 10
Sep 14 22:44:16 localhost kernel: Segment Routing with IPv6
Sep 14 22:44:16 localhost systemd[1]: Inserted module 'ipv6'
Sep 14 22:44:16 localhost kernel: random: systemd: uninitialized urandom read (16 bytes read)
Sep 14 22:44:16 localhost kernel: random: systemd: uninitialized urandom read (16 bytes read)
Sep 14 22:44:16 localhost kernel: random: systemd: uninitialized urandom read (16 bytes read)
Sep 14 22:44:16 localhost systemd[1]: systemd 219 running in system mode. (+PAM +AUDIT +SELINUX +IMA -APPARMOR +SMACK +SYSVINIT +UTMP +LIBCRYPTSETUP +GCRYPT +GNUTLS +ACL +XZ +LZ4 -SECCOMP +BLKID +ELFUTILS +KMOD +IDN)
Sep 14 22:44:16 localhost systemd[1]: Detected virtualization kvm.
Sep 14 22:44:16 localhost systemd[1]: Detected architecture x86-64.
Sep 14 22:44:16 localhost systemd[1]: Running in initial RAM disk.
Sep 14 22:44:16 localhost systemd[1]: No hostname configured.
Sep 14 22:44:16 localhost systemd[1]: Set hostname to <localhost>.
Sep 14 22:44:16 localhost systemd[1]: Initializing machine ID from KVM UUID.
Sep 14 22:44:16 localhost systemd[1]: Reached target Timers.
Sep 14 22:44:16 localhost systemd[1]: Created slice Root Slice.
Sep 14 22:44:16 localhost systemd[1]: Listening on udev Kernel Socket.
Sep 14 22:44:16 localhost systemd-journal[973]: Journal started
Sep 14 22:44:16 localhost systemd[1]: Starting udev Kernel Device Manager...
Sep 14 22:44:16 localhost systemd-udevd[977]: starting version 219
Sep 14 22:44:16 localhost systemd-udevd[977]: Network interface NamePolicy= disabled on kernel command line, ignoring.
Sep 14 22:44:16 localhost systemd[1]: Started udev Kernel Device Manager.
Sep 14 22:44:16 localhost systemd[1]: Starting udev Coldplug all Devices...
Sep 14 22:44:16 localhost systemd[1]: Started udev Coldplug all Devices.
Sep 14 22:44:16 localhost systemd[1]: Reached target System Initialization.
Sep 14 22:44:16 localhost systemd[1]: Reached target Basic System.
Sep 14 22:44:16 localhost systemd[1]: Starting dracut initqueue hook...
Sep 14 22:44:16 localhost kernel: nvme nvme0: pci function 0000:00:04.0
Sep 14 22:44:16 localhost kernel: PCI Interrupt Link [LNKD] enabled at IRQ 11
Sep 14 22:44:16 localhost kernel: input: AT Translated Set 2 keyboard as /devices/platform/i8042/serio0/input/input0
Sep 14 22:44:16 localhost kernel: nvme nvme0: 2/0/0 default/read/poll queues
Sep 14 22:44:17 localhost kernel: GPT:Primary header thinks Alt. header is not at the end of the disk.
Sep 14 22:44:17 localhost kernel: GPT:8388607 != 41943039
Sep 14 22:44:17 localhost kernel: GPT:Alternate GPT header not at the end of the disk.
Sep 14 22:44:17 localhost kernel: GPT:8388607 != 41943039
Sep 14 22:44:17 localhost kernel: GPT: Use GNU Parted to correct GPT errors.
Sep 14 22:44:17 localhost kernel:  nvme0n1: p1 p128
Sep 14 22:44:17 localhost systemd[1]: Found device Amazon Elastic Block Store /.
Sep 14 22:44:17 localhost systemd[1]: Starting File System Check on /dev/disk/by-uuid/5f2e1d0d-14ba-4650-8b8f-4d9772356a1d...
Sep 14 22:44:17 localhost systemd-fsck[1723]: fsck.xfs doesn't exist, not checking file system on /dev/disk/by-uuid/5f2e1d0d-14ba-4650-8b8f-4d9772356a1d
Sep 14 22:44:17 localhost systemd[1]: Started File System Check on /dev/disk/by-uuid/5f2e1d0d-14ba-4650-8b8f-4d9772356a1d.
Sep 14 22:44:17 localhost systemd[1]: Started dracut initqueue hook.
Sep 14 22:44:17 localhost systemd[1]: Reached target Remote File Systems (Pre).
Sep 14 22:44:17 localhost systemd[1]: Reached target Remote File Systems.
Sep 14 22:44:17 localhost systemd[1]: Mounting /sysroot...
Sep 14 22:44:17 localhost kernel: SGI XFS with ACLs, security attributes, no debug enabled
Sep 14 22:44:17 localhost kernel: XFS (nvme0n1p1): Mounting V5 Filesystem
Sep 14 22:44:17 localhost systemd[1]: Mounted /sysroot.
Sep 14 22:44:17 localhost systemd[1]: Reached target Initrd Root File System.
Sep 14 22:44:17 localhost systemd[1]: Starting Reload Configuration from the Real Root...
Sep 14 22:44:17 localhost kernel: XFS (nvme0n1p1): Ending clean mount
Sep 14 22:44:17 localhost systemd[1]: Reloading.
Sep 14 22:44:17 localhost systemd[1]: Started Reload Configuration from the Real Root.
Sep 14 22:44:17 localhost systemd[1]: Reached target Initrd File Systems.
Sep 14 22:44:17 localhost systemd[1]: Reached target Initrd Default Target.
Sep 14 22:44:17 localhost systemd[1]: Starting dracut pre-pivot and cleanup hook...
Sep 14 22:44:17 localhost systemd[1]: Started dracut pre-pivot and cleanup hook.
Sep 14 22:44:17 localhost systemd[1]: Starting Cleaning Up and Shutting Down Daemons...
Sep 14 22:44:17 localhost systemd[1]: Stopped dracut pre-pivot and cleanup hook.
Sep 14 22:44:17 localhost systemd[1]: Stopped target Remote File Systems.
Sep 14 22:44:17 localhost systemd[1]: Stopped target Initrd Default Target.
Sep 14 22:44:17 localhost systemd[1]: Stopped target Basic System.
Sep 14 22:44:17 localhost systemd[1]: Stopped target System Initialization.
Sep 14 22:44:17 localhost systemd[1]: Stopped target Paths.
Sep 14 22:44:17 localhost systemd[1]: Stopped Dispatch Password Requests to Console Directory Watch.
Sep 14 22:44:17 localhost systemd[1]: Stopped target Sockets.
Sep 14 22:44:17 localhost systemd[1]: Stopped target Slices.
Sep 14 22:44:17 localhost systemd[1]: Stopping udev Kernel Device Manager...
Sep 14 22:44:17 localhost systemd[1]: Stopped target Remote File Systems (Pre).
Sep 14 22:44:17 localhost systemd[1]: Stopped dracut initqueue hook.
Sep 14 22:44:17 localhost systemd[1]: Stopped Apply Kernel Variables.
Sep 14 22:44:17 localhost systemd[1]: Stopped target Timers.
Sep 14 22:44:17 localhost systemd[1]: Stopped target Swap.
Sep 14 22:44:17 localhost systemd[1]: Stopped target Local File Systems.
Sep 14 22:44:17 localhost systemd[1]: Stopped udev Coldplug all Devices.
Sep 14 22:44:17 localhost systemd[1]: Started Cleaning Up and Shutting Down Daemons.
Sep 14 22:44:17 localhost systemd[1]: Stopped udev Kernel Device Manager.
Sep 14 22:44:17 localhost systemd[1]: Stopped Create Static Device Nodes in /dev.
Sep 14 22:44:17 localhost systemd[1]: Stopped Create list of required static device nodes for the current kernel.
Sep 14 22:44:17 localhost systemd[1]: Closed udev Kernel Socket.
Sep 14 22:44:17 localhost systemd[1]: Closed udev Control Socket.
Sep 14 22:44:17 localhost systemd[1]: Starting Cleanup udevd DB...
Sep 14 22:44:17 localhost systemd[1]: Started Cleanup udevd DB.
Sep 14 22:44:17 localhost systemd[1]: Reached target Switch Root.
Sep 14 22:44:17 localhost systemd[1]: Starting Switch Root...
Sep 14 22:44:17 localhost systemd[1]: Switching root.
Sep 14 22:44:17 localhost systemd-journal[973]: Journal stopped
Sep 14 22:44:20 localhost systemd-journal[1815]: Runtime journal is using 8.0M (max allowed 1.5G, trying to leave 2.3G free of 15.4G available → current limit 1.5G).
Sep 14 22:44:20 localhost systemd-journald[973]: Received SIGTERM from PID 1 (systemd).
Sep 14 22:44:20 localhost kernel: random: fast init done
Sep 14 22:44:20 localhost kernel: printk: systemd: 17 output lines suppressed due to ratelimiting
Sep 14 22:44:20 localhost kernel: SELinux:  Disabled at runtime.
Sep 14 22:44:20 localhost kernel: audit: type=1404 audit(1631659458.516:2): enforcing=0 old_enforcing=0 auid=4294967295 ses=4294967295 enabled=0 old-enabled=1 lsm=selinux res=1
Sep 14 22:44:20 localhost systemd[1]: Inserted module 'ip_tables'
Sep 14 22:44:20 localhost systemd-journal[1815]: Journal started
Sep 14 22:44:18 localhost systemd[1]: systemd 219 running in system mode. (+PAM +AUDIT +SELINUX +IMA -APPARMOR +SMACK +SYSVINIT +UTMP +LIBCRYPTSETUP +GCRYPT +GNUTLS +ACL +XZ +LZ4 -SECCOMP +BLKID +ELFUTILS +KMOD +IDN)
Sep 14 22:44:18 localhost systemd[1]: Detected virtualization kvm.
Sep 14 22:44:18 localhost systemd[1]: Detected architecture x86-64.
Sep 14 22:44:19 localhost systemd[1]: Initializing machine ID from KVM UUID.
Sep 14 22:44:19 localhost systemd[1]: Installed transient /etc/machine-id file.
Sep 14 22:44:20 localhost systemd[1]: Cannot add dependency job for unit display-manager.service, ignoring: Unit not found.
Sep 14 22:44:20 localhost systemd[1]: Mounted Debug File System.
Sep 14 22:44:20 localhost systemd[1]: Mounted POSIX Message Queue File System.
Sep 14 22:44:20 localhost systemd[1]: Mounted Huge Pages File System.
Sep 14 22:44:20 localhost systemd[1]: Started Setup Virtual Console.
Sep 14 22:44:20 localhost systemd[1]: Started LVM2 metadata daemon.
Sep 14 22:44:20 localhost systemd[1]: Started Read and set NIS domainname from /etc/sysconfig/network.
Sep 14 22:44:20 localhost systemd[1]: Started Remount Root and Kernel File Systems.
Sep 14 22:44:20 localhost systemd[1]: Starting Flush Journal to Persistent Storage...
Sep 14 22:44:20 localhost kernel: xfs filesystem being remounted at / supports timestamps until 2038 (0x7fffffff)
Sep 14 22:44:20 localhost systemd[1]: Starting Relabel kernel modules early in the boot, if needed...
Sep 14 22:44:20 localhost systemd[1]: Starting Configure read-only root support...
Sep 14 22:44:20 localhost systemd[1]: Starting udev Coldplug all Devices...
Sep 14 22:44:20 localhost systemd[1]: Started Relabel kernel modules early in the boot, if needed.
Sep 14 22:44:20 localhost systemd[1]: Started Create Static Device Nodes in /dev.
Sep 14 22:44:20 localhost systemd[1]: Starting udev Kernel Device Manager...
Sep 14 22:44:20 localhost systemd[1]: Starting Load Kernel Modules...
Sep 14 22:44:20 localhost systemd[1]: Started udev Coldplug all Devices.
Sep 14 22:44:20 localhost systemd-udevd[1844]: starting version 219
Sep 14 22:44:20 localhost systemd[1]: Started Configure read-only root support.
Sep 14 22:44:20 localhost systemd[1]: Starting Load/Save Random Seed...
Sep 14 22:44:20 localhost systemd[1]: Started Load/Save Random Seed.
Sep 14 22:44:20 localhost systemd-udevd[1844]: Network interface NamePolicy= disabled on kernel command line, ignoring.
Sep 14 22:44:20 localhost systemd-journal[1815]: Permanent journal is using 8.0M (max allowed 408.3M, trying to leave 612.5M free of 2.4G available → current limit 408.3M).
Sep 14 22:44:20 localhost systemd-journal[1815]: Time spent on flushing to /var is 3.289ms for 579 entries.
Sep 14 22:44:20 localhost systemd-modules-load[1845]: Inserted module 'overlay'
Sep 14 22:44:20 localhost systemd[1]: Started udev Kernel Device Manager.
Sep 14 22:44:20 localhost systemd[1]: Found device /dev/ttyS0.
Sep 14 22:44:20 localhost kernel: bridge: filtering via arp/ip/ip6tables is no longer available by default. Update your scripts to load br_netfilter if you need this.
Sep 14 22:44:20 localhost systemd-modules-load[1845]: Inserted module 'br_netfilter'
Sep 14 22:44:20 localhost kernel: Bridge firewalling registered
Sep 14 22:44:20 localhost systemd[1]: Started Flush Journal to Persistent Storage.
Sep 14 22:44:20 localhost kernel: input: Power Button as /devices/LNXSYSTM:00/LNXPWRBN:00/input/input3
Sep 14 22:44:20 localhost kernel: ACPI: Power Button [PWRF]
Sep 14 22:44:20 localhost kernel: input: Sleep Button as /devices/LNXSYSTM:00/LNXSLPBN:00/input/input4
Sep 14 22:44:20 localhost kernel: ACPI: Sleep Button [SLPF]
Sep 14 22:44:20 localhost kernel: ena 0000:00:05.0: Elastic Network Adapter (ENA) v2.5.0g
Sep 14 22:44:20 localhost kernel: ena 0000:00:05.0: ENA device version: 0.10
Sep 14 22:44:20 localhost kernel: ena 0000:00:05.0: ENA controller version: 0.0.1 implementation version 1
Sep 14 22:44:20 localhost kernel: cryptd: max_cpu_qlen set to 1000
Sep 14 22:44:21 localhost kernel: input: ImPS/2 Generic Wheel Mouse as /devices/platform/i8042/serio1/input/input5
Sep 14 22:44:21 localhost kernel: ena 0000:00:05.0: Elastic Network Adapter (ENA) found at mem febf4000, mac addr 06:76:4d:c9:17:95
Sep 14 22:44:21 localhost kernel: AVX2 version of gcm_enc/dec engaged.
Sep 14 22:44:21 localhost kernel: AES CTR mode by8 optimization enabled
Sep 14 22:44:21 localhost systemd-modules-load[1845]: Inserted module 'ena'
Sep 14 22:44:21 localhost systemd[1]: Started Load Kernel Modules.
Sep 14 22:44:21 localhost systemd[1]: Starting Apply Kernel Variables...
Sep 14 22:44:21 localhost systemd[1]: Started Apply Kernel Variables.
Sep 14 22:44:21 localhost kernel: mousedev: PS/2 mouse device common for all mice
Sep 14 22:44:21 localhost systemd[1]: Started Monitoring of LVM2 mirrors, snapshots etc. using dmeventd or progress polling.
Sep 14 22:44:21 localhost systemd[1]: Reached target Local File Systems (Pre).
Sep 14 22:44:21 localhost systemd[1]: Reached target Local File Systems.
Sep 14 22:44:21 localhost systemd[1]: Starting Commit a transient machine-id on disk...
Sep 14 22:44:21 localhost systemd[1]: Starting Create Volatile Files and Directories...
Sep 14 22:44:21 localhost systemd[1]: Starting Preprocess NFS configuration...
Sep 14 22:44:21 localhost systemd[1]: Started Create Volatile Files and Directories.
Sep 14 22:44:21 localhost systemd[1]: Mounting RPC Pipe File System...
Sep 14 22:44:21 localhost systemd[1]: Starting Security Auditing Service...
Sep 14 22:44:21 localhost systemd[1]: Started Commit a transient machine-id on disk.
Sep 14 22:44:22 localhost systemd[1]: Started Preprocess NFS configuration.
Sep 14 22:44:22 localhost kernel: RPC: Registered named UNIX socket transport module.
Sep 14 22:44:22 localhost kernel: RPC: Registered udp transport module.
Sep 14 22:44:22 localhost kernel: RPC: Registered tcp transport module.
Sep 14 22:44:22 localhost kernel: RPC: Registered tcp NFSv4.1 backchannel transport module.
Sep 14 22:44:22 localhost systemd[1]: Mounted RPC Pipe File System.
Sep 14 22:44:22 localhost systemd[1]: Reached target rpc_pipefs.target.
Sep 14 22:44:22 localhost auditd[2768]: Started dispatcher: /sbin/audispd pid: 2770
Sep 14 22:44:22 localhost auditd[2768]: Init complete, auditd 2.8.1 listening for events (startup state enable)
Sep 14 22:44:22 localhost augenrules[2772]: /sbin/augenrules: No change
Sep 14 22:44:22 localhost augenrules[2772]: No rules
Sep 14 22:44:22 localhost augenrules[2772]: enabled 1
Sep 14 22:44:22 localhost augenrules[2772]: failure 1
Sep 14 22:44:22 localhost augenrules[2772]: pid 2768
Sep 14 22:44:22 localhost augenrules[2772]: rate_limit 0
Sep 14 22:44:22 localhost augenrules[2772]: backlog_limit 8192
Sep 14 22:44:22 localhost augenrules[2772]: lost 0
Sep 14 22:44:22 localhost augenrules[2772]: backlog 0
Sep 14 22:44:22 localhost augenrules[2772]: backlog_wait_time 15000
Sep 14 22:44:22 localhost augenrules[2772]: enabled 1
Sep 14 22:44:22 localhost augenrules[2772]: failure 1
Sep 14 22:44:22 localhost augenrules[2772]: pid 2768
Sep 14 22:44:22 localhost augenrules[2772]: rate_limit 0
Sep 14 22:44:22 localhost augenrules[2772]: backlog_limit 8192
Sep 14 22:44:22 localhost augenrules[2772]: lost 0
Sep 14 22:44:22 localhost augenrules[2772]: backlog 1
Sep 14 22:44:22 localhost augenrules[2772]: backlog_wait_time 15000
Sep 14 22:44:22 localhost systemd[1]: Started Security Auditing Service.
Sep 14 22:44:22 localhost systemd[1]: Starting Update UTMP about System Boot/Shutdown...
Sep 14 22:44:22 localhost systemd[1]: Started Update UTMP about System Boot/Shutdown.
Sep 14 22:44:22 localhost systemd[1]: Reached target System Initialization.
Sep 14 22:44:22 localhost systemd[1]: Listening on D-Bus System Message Bus Socket.
Sep 14 22:44:22 localhost systemd[1]: Started Flexible branding.
Sep 14 22:44:22 localhost systemd[1]: Reached target Paths.
Sep 14 22:44:22 localhost systemd[1]: Listening on RPCbind Server Activation Socket.
Sep 14 22:44:22 localhost systemd[1]: Reached target Sockets.
Sep 14 22:44:22 localhost systemd[1]: Reached target Basic System.
Sep 14 22:44:22 localhost systemd[1]: Starting Initial cloud-init job (pre-networking)...
Sep 14 22:44:22 localhost audispd[2770]: No plugins found, exiting
Sep 14 22:44:22 localhost systemd[1]: Starting NTP client/server...
Sep 14 22:44:22 localhost systemd[1]: Starting Dump dmesg to /var/log/dmesg...
Sep 14 22:44:22 localhost systemd[1]: Started D-Bus System Message Bus.
Sep 14 22:44:22 localhost kernel: xfs filesystem being remounted at /tmp supports timestamps until 2038 (0x7fffffff)
Sep 14 22:44:22 localhost kernel: xfs filesystem being remounted at /var/tmp supports timestamps until 2038 (0x7fffffff)
Sep 14 22:44:22 localhost chronyd[2799]: chronyd version 4.0 starting (+CMDMON +NTP +REFCLOCK +RTC +PRIVDROP +SCFILTER +SIGND +ASYNCDNS -NTS +SECHASH +IPV6 +DEBUG)
Sep 14 22:44:22 localhost chronyd[2799]: Frequency 23.160 +/- 0.981 ppm read from /var/lib/chrony/drift
Sep 14 22:44:22 localhost systemd[1]: Started irqbalance daemon.
Sep 14 22:44:22 localhost systemd[1]: Starting Login Service...
Sep 14 22:44:22 localhost systemd[1]: Starting GSSAPI Proxy Daemon...
Sep 14 22:44:22 localhost systemd[1]: Starting Hardware RNG Entropy Gatherer Wake threshold service...
Sep 14 22:44:22 localhost systemd[1]: Starting RPC bind service...
Sep 14 22:44:22 localhost systemd[1]: Started Daily Cleanup of Temporary Directories.
Sep 14 22:44:22 localhost systemd[1]: Reached target Timers.
Sep 14 22:44:22 localhost systemd[1]: Started NTP client/server.
Sep 14 22:44:22 localhost systemd[1]: Started Dump dmesg to /var/log/dmesg.
Sep 14 22:44:22 localhost systemd[1]: Started Hardware RNG Entropy Gatherer Wake threshold service.
Sep 14 22:44:22 localhost systemd[1]: Started RPC bind service.
Sep 14 22:44:22 localhost systemd[1]: Started Hardware RNG Entropy Gatherer Daemon.
Sep 14 22:44:22 localhost systemd-logind[2804]: Watching system buttons on /dev/input/event1 (Power Button)
Sep 14 22:44:22 localhost systemd-logind[2804]: Watching system buttons on /dev/input/event2 (Sleep Button)
Sep 14 22:44:22 localhost systemd-logind[2804]: New seat seat0.
Sep 14 22:44:22 localhost systemd[1]: Started Login Service.
Sep 14 22:44:23 localhost rngd[2813]: Disabling 5: JITTER Entropy generator (jitter)
Sep 14 22:44:23 localhost rngd[2813]: Initializing available sources
Sep 14 22:44:23 localhost rngd[2813]: Failed to init entropy source hwrng
Sep 14 22:44:23 localhost rngd[2813]: Enabling RDSEED rng support
Sep 14 22:44:23 localhost rngd[2813]: Initializing entropy source rdrand
Sep 14 22:44:23 localhost kernel: random: crng init done
Sep 14 22:44:23 localhost kernel: random: 7 urandom warning(s) missed due to ratelimiting
Sep 14 22:44:23 localhost systemd[1]: Started GSSAPI Proxy Daemon.
Sep 14 22:44:23 localhost systemd[1]: Reached target NFS client services.
Sep 14 22:44:23 localhost systemd[1]: Reached target Remote File Systems (Pre).
Sep 14 22:44:23 localhost systemd[1]: Reached target Remote File Systems.
Sep 14 22:44:24 localhost cloud-init[2791]: Cloud-init v. 19.3-44.amzn2 running 'init-local' at Tue, 14 Sep 2021 22:44:24 +0000. Up 9.77 seconds.
Sep 14 22:44:24 localhost systemd[1]: Started Initial cloud-init job (pre-networking).
Sep 14 22:44:24 localhost systemd[1]: Reached target Network (Pre).
Sep 14 22:44:24 localhost systemd[1]: Starting LSB: Bring up/down networking...
Sep 14 22:44:24 localhost network[2846]: Bringing up loopback interface:  /etc/sysconfig/network-scripts/ifup-post: line 54: /etc/resolv.conf: No such file or directory
Sep 14 22:44:24 localhost network[2846]: /etc/sysconfig/network-scripts/ifup-post: line 119: /etc/resolv.conf: No such file or directory
Sep 14 22:44:24 localhost network[2846]: cp: cannot stat ‘/etc/resolv.conf’: No such file or directory
Sep 14 22:44:24 localhost NET[2955]: /etc/sysconfig/network-scripts/ifup-post : updated /etc/resolv.conf
Sep 14 22:44:24 localhost network[2846]: [  OK  ]
Sep 14 22:44:24 localhost network[2846]: Bringing up interface eth0:
Sep 14 22:44:25 localhost kernel: ena 0000:00:05.0 eth0: Local page cache is disabled for less than 16 channels
Sep 14 22:44:25 localhost dhclient[2974]: DHCPDISCOVER on eth0 to 255.255.255.255 port 67 interval 8 (xid=0x560f3a29)
Sep 14 22:44:25 localhost dhclient[2974]: DHCPREQUEST on eth0 to 255.255.255.255 port 67 (xid=0x560f3a29)
Sep 14 22:44:25 localhost dhclient[2974]: DHCPOFFER from 192.168.160.1
Sep 14 22:44:25 localhost dhclient[2974]: DHCPACK from 192.168.160.1 (xid=0x560f3a29)
Sep 14 22:44:25 localhost NET[3034]: /usr/sbin/dhclient-script : updated /etc/resolv.conf
Sep 14 22:44:25 ip-192-168-174-215 dhclient[2974]: bound to 192.168.174.215 -- renewal in 1682 seconds.
Sep 14 22:44:25 ip-192-168-174-215 network[2846]: Determining IP information for eth0... done.
Sep 14 22:44:25 ip-192-168-174-215 network[2846]: Determining IPv6 information for eth0... done.
Sep 14 22:44:25 ip-192-168-174-215 network[2846]: [  OK  ]
Sep 14 22:44:25 ip-192-168-174-215 systemd[1]: Started LSB: Bring up/down networking.
Sep 14 22:44:25 ip-192-168-174-215 systemd[1]: Reached target Network.
Sep 14 22:44:25 ip-192-168-174-215 systemd[1]: Starting Postfix Mail Transport Agent...
Sep 14 22:44:25 ip-192-168-174-215 systemd[1]: Starting Initial cloud-init job (metadata service crawler)...
Sep 14 22:44:25 ip-192-168-174-215 cloud-init[3125]: Cloud-init v. 19.3-44.amzn2 running 'init' at Tue, 14 Sep 2021 22:44:25 +0000. Up 10.68 seconds.
Sep 14 22:44:25 ip-192-168-174-215 cloud-init[3125]: ci-info: ++++++++++++++++++++++++++++++++++++++Net device info+++++++++++++++++++++++++++++++++++++++
Sep 14 22:44:25 ip-192-168-174-215 cloud-init[3125]: ci-info: +--------+------+-----------------------------+---------------+--------+-------------------+
Sep 14 22:44:25 ip-192-168-174-215 cloud-init[3125]: ci-info: | Device |  Up  |           Address           |      Mask     | Scope  |     Hw-Address    |
Sep 14 22:44:25 ip-192-168-174-215 cloud-init[3125]: ci-info: +--------+------+-----------------------------+---------------+--------+-------------------+
Sep 14 22:44:25 ip-192-168-174-215 cloud-init[3125]: ci-info: |  eth0  | True |       192.168.174.215       | 255.255.224.0 | global | 06:76:4d:c9:17:95 |
Sep 14 22:44:25 ip-192-168-174-215 cloud-init[3125]: ci-info: |  eth0  | True | fe80::476:4dff:fec9:1795/64 |       .       |  link  | 06:76:4d:c9:17:95 |
Sep 14 22:44:25 ip-192-168-174-215 cloud-init[3125]: ci-info: |   lo   | True |          127.0.0.1          |   255.0.0.0   |  host  |         .         |
Sep 14 22:44:25 ip-192-168-174-215 cloud-init[3125]: ci-info: |   lo   | True |           ::1/128           |       .       |  host  |         .         |
Sep 14 22:44:25 ip-192-168-174-215 cloud-init[3125]: ci-info: +--------+------+-----------------------------+---------------+--------+-------------------+
Sep 14 22:44:25 ip-192-168-174-215 cloud-init[3125]: ci-info: +++++++++++++++++++++++++++++++++Route IPv4 info+++++++++++++++++++++++++++++++++
Sep 14 22:44:25 ip-192-168-174-215 cloud-init[3125]: ci-info: +-------+-----------------+---------------+-----------------+-----------+-------+
Sep 14 22:44:25 ip-192-168-174-215 cloud-init[3125]: ci-info: | Route |   Destination   |    Gateway    |     Genmask     | Interface | Flags |
Sep 14 22:44:25 ip-192-168-174-215 cloud-init[3125]: ci-info: +-------+-----------------+---------------+-----------------+-----------+-------+
Sep 14 22:44:25 ip-192-168-174-215 cloud-init[3125]: ci-info: |   0   |     0.0.0.0     | 192.168.160.1 |     0.0.0.0     |    eth0   |   UG  |
Sep 14 22:44:25 ip-192-168-174-215 cloud-init[3125]: ci-info: |   1   | 169.254.169.254 |    0.0.0.0    | 255.255.255.255 |    eth0   |   UH  |
Sep 14 22:44:25 ip-192-168-174-215 cloud-init[3125]: ci-info: |   2   |  192.168.160.0  |    0.0.0.0    |  255.255.224.0  |    eth0   |   U   |
Sep 14 22:44:25 ip-192-168-174-215 cloud-init[3125]: ci-info: +-------+-----------------+---------------+-----------------+-----------+-------+
Sep 14 22:44:25 ip-192-168-174-215 cloud-init[3125]: ci-info: +++++++++++++++++++Route IPv6 info+++++++++++++++++++
Sep 14 22:44:25 ip-192-168-174-215 cloud-init[3125]: ci-info: +-------+-------------+---------+-----------+-------+
Sep 14 22:44:25 ip-192-168-174-215 cloud-init[3125]: ci-info: | Route | Destination | Gateway | Interface | Flags |
Sep 14 22:44:25 ip-192-168-174-215 cloud-init[3125]: ci-info: +-------+-------------+---------+-----------+-------+
Sep 14 22:44:25 ip-192-168-174-215 cloud-init[3125]: ci-info: |   9   |  fe80::/64  |    ::   |    eth0   |   U   |
Sep 14 22:44:25 ip-192-168-174-215 cloud-init[3125]: ci-info: |   11  |    local    |    ::   |    eth0   |   U   |
Sep 14 22:44:25 ip-192-168-174-215 dhclient[3080]: XMT: Solicit on eth0, interval 1050ms.
Sep 14 22:44:25 ip-192-168-174-215 cloud-init[3125]: ci-info: |   12  |  multicast  |    ::   |    eth0   |   U   |
Sep 14 22:44:25 ip-192-168-174-215 cloud-init[3125]: ci-info: +-------+-------------+---------+-----------+-------+
Sep 14 22:44:25 ip-192-168-174-215 dbus[2796]: [system] Activating via systemd: service name='org.freedesktop.hostname1' unit='dbus-org.freedesktop.hostname1.service'
Sep 14 22:44:25 ip-192-168-174-215 systemd[1]: Starting Hostname Service...
Sep 14 22:44:25 ip-192-168-174-215 kernel: xfs filesystem being remounted at /tmp supports timestamps until 2038 (0x7fffffff)
Sep 14 22:44:25 ip-192-168-174-215 kernel: xfs filesystem being remounted at /var/tmp supports timestamps until 2038 (0x7fffffff)
Sep 14 22:44:25 ip-192-168-174-215 dbus[2796]: [system] Successfully activated service 'org.freedesktop.hostname1'
Sep 14 22:44:25 ip-192-168-174-215 systemd[1]: Started Hostname Service.
Sep 14 22:44:25 ip-192-168-174-215.us-west-2.compute.internal systemd-hostnamed[3188]: Changed static host name to 'ip-192-168-174-215.us-west-2.compute.internal'
Sep 14 22:44:25 ip-192-168-174-215.us-west-2.compute.internal systemd-hostnamed[3188]: Changed host name to 'ip-192-168-174-215.us-west-2.compute.internal'
Sep 14 22:44:25 ip-192-168-174-215.us-west-2.compute.internal postfix/postfix-script[3239]: starting the Postfix mail system
Sep 14 22:44:25 ip-192-168-174-215.us-west-2.compute.internal postfix/master[3243]: daemon started -- version 2.10.1, configuration /etc/postfix
Sep 14 22:44:25 ip-192-168-174-215.us-west-2.compute.internal systemd[1]: Started Postfix Mail Transport Agent.
Sep 14 22:44:26 ip-192-168-174-215.us-west-2.compute.internal systemd[1]: Started Initial cloud-init job (metadata service crawler).
Sep 14 22:44:26 ip-192-168-174-215.us-west-2.compute.internal systemd[1]: Starting OpenSSH Server Key Generation...
Sep 14 22:44:26 ip-192-168-174-215.us-west-2.compute.internal systemd[1]: Starting Permit User Sessions...
Sep 14 22:44:26 ip-192-168-174-215.us-west-2.compute.internal systemd[1]: Reached target Network is Online.
Sep 14 22:44:26 ip-192-168-174-215.us-west-2.compute.internal systemd[1]: Starting System Logging Service...
Sep 14 22:44:26 ip-192-168-174-215.us-west-2.compute.internal systemd[1]: Starting Dynamically Generate Message Of The Day...
Sep 14 22:44:26 ip-192-168-174-215.us-west-2.compute.internal systemd[1]: Started amazon-ssm-agent.
Sep 14 22:44:26 ip-192-168-174-215.us-west-2.compute.internal systemd[1]: Starting Notify NFS peers of a restart...
Sep 14 22:44:26 ip-192-168-174-215.us-west-2.compute.internal systemd[1]: Reached target Cloud-config availability.
Sep 14 22:44:26 ip-192-168-174-215.us-west-2.compute.internal systemd[1]: Starting Apply the settings specified in cloud-config...
Sep 14 22:44:26 ip-192-168-174-215.us-west-2.compute.internal systemd[1]: Started Permit User Sessions.
Sep 14 22:44:26 ip-192-168-174-215.us-west-2.compute.internal sm-notify[3332]: Version 1.3.0 starting
Sep 14 22:44:26 ip-192-168-174-215.us-west-2.compute.internal systemd[1]: Started Command Scheduler.
Sep 14 22:44:26 ip-192-168-174-215.us-west-2.compute.internal systemd[1]: Started Serial Getty on ttyS0.
Sep 14 22:44:26 ip-192-168-174-215.us-west-2.compute.internal crond[3346]: (CRON) INFO (RANDOM_DELAY will be scaled with factor 31% if used.)
Sep 14 22:44:26 ip-192-168-174-215.us-west-2.compute.internal crond[3346]: (CRON) INFO (running with inotify support)
Sep 14 22:44:26 ip-192-168-174-215.us-west-2.compute.internal systemd[1]: Started Getty on tty1.
Sep 14 22:44:26 ip-192-168-174-215.us-west-2.compute.internal systemd[1]: Reached target Login Prompts.
Sep 14 22:44:26 ip-192-168-174-215.us-west-2.compute.internal systemd[1]: Started Notify NFS peers of a restart.
Sep 14 22:44:26 ip-192-168-174-215.us-west-2.compute.internal rsyslogd[3325]:  [origin software="rsyslogd" swVersion="8.24.0-52.amzn2" x-pid="3325" x-info="http://www.rsyslog.com"] start
Sep 14 22:44:26 ip-192-168-174-215.us-west-2.compute.internal systemd[1]: Started System Logging Service.
Sep 14 22:44:26 ip-192-168-174-215.us-west-2.compute.internal sshd-keygen[3320]: Generating SSH2 RSA host key: [  OK  ]
Sep 14 22:44:26 ip-192-168-174-215.us-west-2.compute.internal sshd-keygen[3320]: Generating SSH2 ECDSA host key: [  OK  ]
Sep 14 22:44:26 ip-192-168-174-215.us-west-2.compute.internal sshd-keygen[3320]: Generating SSH2 ED25519 host key: [  OK  ]
Sep 14 22:44:26 ip-192-168-174-215.us-west-2.compute.internal systemd[1]: Started OpenSSH Server Key Generation.
Sep 14 22:44:26 ip-192-168-174-215.us-west-2.compute.internal systemd[1]: Starting EC2 Instance Connect Host Key Harvesting...
Sep 14 22:44:26 ip-192-168-174-215.us-west-2.compute.internal cloud-init[3336]: Cloud-init v. 19.3-44.amzn2 running 'modules:config' at Tue, 14 Sep 2021 22:44:26 +0000. Up 11.66 seconds.
Sep 14 22:44:26 ip-192-168-174-215.us-west-2.compute.internal dhclient[3080]: XMT: Solicit on eth0, interval 2140ms.
Sep 14 22:44:26 ip-192-168-174-215.us-west-2.compute.internal systemd[1]: Started EC2 Instance Connect Host Key Harvesting.
Sep 14 22:44:26 ip-192-168-174-215.us-west-2.compute.internal systemd[1]: Starting OpenSSH server daemon...
Sep 14 22:44:26 ip-192-168-174-215.us-west-2.compute.internal sshd[3467]: Server listening on 0.0.0.0 port 22.
Sep 14 22:44:26 ip-192-168-174-215.us-west-2.compute.internal sshd[3467]: Server listening on :: port 22.
Sep 14 22:44:26 ip-192-168-174-215.us-west-2.compute.internal systemd[1]: Started OpenSSH server daemon.
Sep 14 22:44:26 ip-192-168-174-215.us-west-2.compute.internal amazon-ssm-agent[3327]: Error occurred fetching the seelog config file path:  open /etc/amazon/ssm/seelog.xml: no such file or directory
Sep 14 22:44:26 ip-192-168-174-215.us-west-2.compute.internal amazon-ssm-agent[3327]: Initializing new seelog logger
Sep 14 22:44:26 ip-192-168-174-215.us-west-2.compute.internal amazon-ssm-agent[3327]: New Seelog Logger Creation Complete
Sep 14 22:44:26 ip-192-168-174-215.us-west-2.compute.internal amazon-ssm-agent[3327]: 2021-09-14 22:44:26 INFO Agent will take identity from EC2
Sep 14 22:44:26 ip-192-168-174-215.us-west-2.compute.internal amazon-ssm-agent[3327]: 2021-09-14 22:44:26 INFO [amazon-ssm-agent] using named pipe channel for IPC
Sep 14 22:44:26 ip-192-168-174-215.us-west-2.compute.internal amazon-ssm-agent[3327]: 2021-09-14 22:44:26 INFO [amazon-ssm-agent] using named pipe channel for IPC
Sep 14 22:44:27 ip-192-168-174-215.us-west-2.compute.internal cloud-init[3336]: Loaded plugins: priorities, update-motd, versionlock
Sep 14 22:44:27 ip-192-168-174-215.us-west-2.compute.internal amazon-ssm-agent[3327]: 2021-09-14 22:44:26 INFO [amazon-ssm-agent] using named pipe channel for IPC
Sep 14 22:44:27 ip-192-168-174-215.us-west-2.compute.internal amazon-ssm-agent[3327]: 2021-09-14 22:44:26 INFO [amazon-ssm-agent] amazon-ssm-agent - v3.0.1124.0
Sep 14 22:44:27 ip-192-168-174-215.us-west-2.compute.internal amazon-ssm-agent[3327]: 2021-09-14 22:44:26 INFO [amazon-ssm-agent] OS: linux, Arch: amd64
Sep 14 22:44:27 ip-192-168-174-215.us-west-2.compute.internal amazon-ssm-agent[3327]: 2021-09-14 22:44:27 INFO [amazon-ssm-agent] [LongRunningWorkerContainer] [WorkerProvider] Worker ssm-agent-worker is not running, starting worker process
Sep 14 22:44:27 ip-192-168-174-215.us-west-2.compute.internal amazon-ssm-agent[3327]: 2021-09-14 22:44:27 INFO [amazon-ssm-agent] [LongRunningWorkerContainer] [WorkerProvider] Worker ssm-agent-worker (pid:3480) started
Sep 14 22:44:27 ip-192-168-174-215.us-west-2.compute.internal amazon-ssm-agent[3327]: 2021-09-14 22:44:27 INFO [amazon-ssm-agent] [LongRunningWorkerContainer] Monitor long running worker health every 60 seconds
Sep 14 22:44:28 ip-192-168-174-215.us-west-2.compute.internal dhclient[3080]: XMT: Solicit on eth0, interval 4210ms.
Sep 14 22:44:30 ip-192-168-174-215.us-west-2.compute.internal cloud-init[3336]: No packages needed for security; 0 packages available
Sep 14 22:44:30 ip-192-168-174-215.us-west-2.compute.internal cloud-init[3336]: No packages marked for update
Sep 14 22:44:30 ip-192-168-174-215.us-west-2.compute.internal systemd[1]: Started Apply the settings specified in cloud-config.
Sep 14 22:44:30 ip-192-168-174-215.us-west-2.compute.internal systemd[1]: Starting Execute cloud user/final scripts...
Sep 14 22:44:30 ip-192-168-174-215.us-west-2.compute.internal chronyd[2799]: Selected source 169.254.169.123
Sep 14 22:44:30 ip-192-168-174-215.us-west-2.compute.internal cloud-init[3517]: Cloud-init v. 19.3-44.amzn2 running 'modules:final' at Tue, 14 Sep 2021 22:44:30 +0000. Up 16.01 seconds.
Sep 14 22:44:30 ip-192-168-174-215.us-west-2.compute.internal cloud-init[3517]: Loaded plugins: priorities, update-motd, versionlock
Sep 14 22:44:32 ip-192-168-174-215.us-west-2.compute.internal cloud-init[3517]: Examining /var/tmp/yum-root-xfstne/amazon-ssm-agent.rpm: amazon-ssm-agent-3.1.282.0-1.x86_64
Sep 14 22:44:32 ip-192-168-174-215.us-west-2.compute.internal cloud-init[3517]: Marking /var/tmp/yum-root-xfstne/amazon-ssm-agent.rpm as an update to amazon-ssm-agent-3.0.1124.0-1.amzn2.x86_64
Sep 14 22:44:32 ip-192-168-174-215.us-west-2.compute.internal cloud-init[3517]: Resolving Dependencies
Sep 14 22:44:32 ip-192-168-174-215.us-west-2.compute.internal cloud-init[3517]: --> Running transaction check
Sep 14 22:44:32 ip-192-168-174-215.us-west-2.compute.internal cloud-init[3517]: ---> Package amazon-ssm-agent.x86_64 0:3.0.1124.0-1.amzn2 will be updated
Sep 14 22:44:32 ip-192-168-174-215.us-west-2.compute.internal cloud-init[3517]: ---> Package amazon-ssm-agent.x86_64 0:3.1.282.0-1 will be an update
Sep 14 22:44:32 ip-192-168-174-215.us-west-2.compute.internal dhclient[3080]: XMT: Solicit on eth0, interval 8670ms.
Sep 14 22:44:33 ip-192-168-174-215.us-west-2.compute.internal cloud-init[3517]: --> Finished Dependency Resolution
Sep 14 22:44:33 ip-192-168-174-215.us-west-2.compute.internal cloud-init[3517]: Dependencies Resolved
Sep 14 22:44:33 ip-192-168-174-215.us-west-2.compute.internal cloud-init[3517]: ================================================================================
Sep 14 22:44:33 ip-192-168-174-215.us-west-2.compute.internal cloud-init[3517]: Package              Arch       Version            Repository             Size
Sep 14 22:44:33 ip-192-168-174-215.us-west-2.compute.internal cloud-init[3517]: ================================================================================
Sep 14 22:44:33 ip-192-168-174-215.us-west-2.compute.internal cloud-init[3517]: Updating:
Sep 14 22:44:33 ip-192-168-174-215.us-west-2.compute.internal cloud-init[3517]: amazon-ssm-agent     x86_64     3.1.282.0-1        /amazon-ssm-agent     111 M
Sep 14 22:44:33 ip-192-168-174-215.us-west-2.compute.internal cloud-init[3517]: Transaction Summary
Sep 14 22:44:33 ip-192-168-174-215.us-west-2.compute.internal cloud-init[3517]: ================================================================================
Sep 14 22:44:33 ip-192-168-174-215.us-west-2.compute.internal cloud-init[3517]: Upgrade  1 Package
Sep 14 22:44:33 ip-192-168-174-215.us-west-2.compute.internal cloud-init[3517]: Total size: 111 M
Sep 14 22:44:33 ip-192-168-174-215.us-west-2.compute.internal cloud-init[3517]: Downloading packages:
Sep 14 22:44:33 ip-192-168-174-215.us-west-2.compute.internal cloud-init[3517]: Running transaction check
Sep 14 22:44:33 ip-192-168-174-215.us-west-2.compute.internal cloud-init[3517]: Running transaction test
Sep 14 22:44:33 ip-192-168-174-215.us-west-2.compute.internal cloud-init[3517]: Transaction test succeeded
Sep 14 22:44:33 ip-192-168-174-215.us-west-2.compute.internal cloud-init[3517]: Running transaction
Sep 14 22:44:33 ip-192-168-174-215.us-west-2.compute.internal systemd[1]: Stopping amazon-ssm-agent...
Sep 14 22:44:33 ip-192-168-174-215.us-west-2.compute.internal amazon-ssm-agent[3327]: 2021-09-14 22:44:33 INFO [amazon-ssm-agent] Got signal:terminated value:0x5618b84d9920
Sep 14 22:44:33 ip-192-168-174-215.us-west-2.compute.internal amazon-ssm-agent[3327]: 2021-09-14 22:44:33 INFO [amazon-ssm-agent] Stopping Core Agent
Sep 14 22:44:33 ip-192-168-174-215.us-west-2.compute.internal amazon-ssm-agent[3327]: 2021-09-14 22:44:33 INFO [amazon-ssm-agent] [LongRunningWorkerContainer] Receiving stop signal, stop worker monitor
Sep 14 22:44:41 ip-192-168-174-215.us-west-2.compute.internal amazon-ssm-agent[3327]: 2021-09-14 22:44:41 INFO [amazon-ssm-agent] Bye.
Sep 14 22:44:41 ip-192-168-174-215.us-west-2.compute.internal systemd[1]: Stopped amazon-ssm-agent.
Sep 14 22:44:41 ip-192-168-174-215.us-west-2.compute.internal systemd[1]: Reloading.
Sep 14 22:44:41 ip-192-168-174-215.us-west-2.compute.internal dhclient[3080]: XMT: Solicit on eth0, interval 16840ms.
Sep 14 22:44:43 ip-192-168-174-215.us-west-2.compute.internal yum[3527]: Updated: amazon-ssm-agent-3.1.282.0-1.x86_64
Sep 14 22:44:43 ip-192-168-174-215.us-west-2.compute.internal cloud-init[3517]: Updating   : amazon-ssm-agent-3.1.282.0-1.x86_64                          1/2
Sep 14 22:44:44 ip-192-168-174-215.us-west-2.compute.internal systemd[1]: Reloading.
Sep 14 22:44:44 ip-192-168-174-215.us-west-2.compute.internal systemd[1]: Started amazon-ssm-agent.
Sep 14 22:44:44 ip-192-168-174-215.us-west-2.compute.internal amazon-ssm-agent[3591]: Error occurred fetching the seelog config file path:  open /etc/amazon/ssm/seelog.xml: no such file or directory
Sep 14 22:44:44 ip-192-168-174-215.us-west-2.compute.internal amazon-ssm-agent[3591]: Initializing new seelog logger
Sep 14 22:44:44 ip-192-168-174-215.us-west-2.compute.internal amazon-ssm-agent[3591]: New Seelog Logger Creation Complete
Sep 14 22:44:44 ip-192-168-174-215.us-west-2.compute.internal amazon-ssm-agent[3591]: 2021-09-14 22:44:44 INFO Proxy environment variables:
Sep 14 22:44:44 ip-192-168-174-215.us-west-2.compute.internal systemd[1]: Reloading.
Sep 14 22:44:44 ip-192-168-174-215.us-west-2.compute.internal cloud-init[3517]: Cleanup    : amazon-ssm-agent-3.0.1124.0-1.amzn2.x86_64                   2/2
Sep 14 22:44:44 ip-192-168-174-215.us-west-2.compute.internal cloud-init[3517]: Failed to execute operation: File exists
Sep 14 22:44:44 ip-192-168-174-215.us-west-2.compute.internal systemd[1]: update-motd.service: main process exited, code=killed, status=15/TERM
Sep 14 22:44:44 ip-192-168-174-215.us-west-2.compute.internal systemd[1]: Stopped Dynamically Generate Message Of The Day.
Sep 14 22:44:44 ip-192-168-174-215.us-west-2.compute.internal systemd[1]: Unit update-motd.service entered failed state.
Sep 14 22:44:44 ip-192-168-174-215.us-west-2.compute.internal systemd[1]: update-motd.service failed.
Sep 14 22:44:44 ip-192-168-174-215.us-west-2.compute.internal systemd[1]: Starting Dynamically Generate Message Of The Day...
Sep 14 22:44:44 ip-192-168-174-215.us-west-2.compute.internal cloud-init[3517]: Verifying  : amazon-ssm-agent-3.1.282.0-1.x86_64                          1/2
Sep 14 22:44:44 ip-192-168-174-215.us-west-2.compute.internal amazon-ssm-agent[3591]: 2021-09-14 22:44:44 INFO https_proxy:
Sep 14 22:44:44 ip-192-168-174-215.us-west-2.compute.internal cloud-init[3517]: Verifying  : amazon-ssm-agent-3.0.1124.0-1.amzn2.x86_64                   2/2
Sep 14 22:44:44 ip-192-168-174-215.us-west-2.compute.internal cloud-init[3517]: Updated:
Sep 14 22:44:44 ip-192-168-174-215.us-west-2.compute.internal cloud-init[3517]: amazon-ssm-agent.x86_64 0:3.1.282.0-1
Sep 14 22:44:44 ip-192-168-174-215.us-west-2.compute.internal cloud-init[3517]: Complete!
Sep 14 22:44:44 ip-192-168-174-215.us-west-2.compute.internal amazon-ssm-agent[3591]: 2021-09-14 22:44:44 INFO http_proxy:
Sep 14 22:44:44 ip-192-168-174-215.us-west-2.compute.internal amazon-ssm-agent[3591]: 2021-09-14 22:44:44 INFO no_proxy:
Sep 14 22:44:44 ip-192-168-174-215.us-west-2.compute.internal sudo[3751]:     root : TTY=unknown ; PWD=/ ; USER=root ; COMMAND=/bin/mkdir -p /etc/containerd
Sep 14 22:44:44 ip-192-168-174-215.us-west-2.compute.internal systemd[1]: Created slice User Slice of root.
Sep 14 22:44:44 ip-192-168-174-215.us-west-2.compute.internal systemd[1]: Started Session c1 of user root.
Sep 14 22:44:44 ip-192-168-174-215.us-west-2.compute.internal sudo[3751]: pam_unix(sudo:session): session opened for user root by (uid=0)
Sep 14 22:44:44 ip-192-168-174-215.us-west-2.compute.internal sudo[3751]: pam_unix(sudo:session): session closed for user root
Sep 14 22:44:44 ip-192-168-174-215.us-west-2.compute.internal systemd[1]: Removed slice User Slice of root.
Sep 14 22:44:44 ip-192-168-174-215.us-west-2.compute.internal sudo[3754]:     root : TTY=unknown ; PWD=/ ; USER=root ; COMMAND=/bin/mkdir -p /etc/cni/net.d
Sep 14 22:44:44 ip-192-168-174-215.us-west-2.compute.internal systemd[1]: Created slice User Slice of root.
Sep 14 22:44:44 ip-192-168-174-215.us-west-2.compute.internal systemd[1]: Started Session c2 of user root.
Sep 14 22:44:44 ip-192-168-174-215.us-west-2.compute.internal sudo[3754]: pam_unix(sudo:session): session opened for user root by (uid=0)
Sep 14 22:44:44 ip-192-168-174-215.us-west-2.compute.internal sudo[3754]: pam_unix(sudo:session): session closed for user root
Sep 14 22:44:44 ip-192-168-174-215.us-west-2.compute.internal systemd[1]: Removed slice User Slice of root.
Sep 14 22:44:44 ip-192-168-174-215.us-west-2.compute.internal sudo[3759]:     root : TTY=unknown ; PWD=/ ; USER=root ; COMMAND=/bin/sed -i s,SANDBOX_IMAGE,602401143452.dkr.ecr.us-west-2.amazonaws.com/eks/pause:3.1-eksbuild.1,g /etc/eks/containerd/containerd-config.toml
Sep 14 22:44:44 ip-192-168-174-215.us-west-2.compute.internal systemd[1]: Created slice User Slice of root.
Sep 14 22:44:44 ip-192-168-174-215.us-west-2.compute.internal systemd[1]: Started Session c3 of user root.
Sep 14 22:44:44 ip-192-168-174-215.us-west-2.compute.internal sudo[3759]: pam_unix(sudo:session): session opened for user root by (uid=0)
Sep 14 22:44:44 ip-192-168-174-215.us-west-2.compute.internal sudo[3759]: pam_unix(sudo:session): session closed for user root
Sep 14 22:44:44 ip-192-168-174-215.us-west-2.compute.internal systemd[1]: Removed slice User Slice of root.
Sep 14 22:44:44 ip-192-168-174-215.us-west-2.compute.internal sudo[3764]:     root : TTY=unknown ; PWD=/ ; USER=root ; COMMAND=/bin/mv /etc/eks/containerd/containerd-config.toml /etc/containerd/config.toml
Sep 14 22:44:44 ip-192-168-174-215.us-west-2.compute.internal systemd[1]: Created slice User Slice of root.
Sep 14 22:44:44 ip-192-168-174-215.us-west-2.compute.internal systemd[1]: Started Session c4 of user root.
Sep 14 22:44:44 ip-192-168-174-215.us-west-2.compute.internal sudo[3764]: pam_unix(sudo:session): session opened for user root by (uid=0)
Sep 14 22:44:44 ip-192-168-174-215.us-west-2.compute.internal sudo[3764]: pam_unix(sudo:session): session closed for user root
Sep 14 22:44:44 ip-192-168-174-215.us-west-2.compute.internal systemd[1]: Removed slice User Slice of root.
Sep 14 22:44:44 ip-192-168-174-215.us-west-2.compute.internal sudo[3769]:     root : TTY=unknown ; PWD=/ ; USER=root ; COMMAND=/bin/mv /etc/eks/containerd/sandbox-image.service /etc/systemd/system/sandbox-image.service
Sep 14 22:44:44 ip-192-168-174-215.us-west-2.compute.internal systemd[1]: Created slice User Slice of root.
Sep 14 22:44:44 ip-192-168-174-215.us-west-2.compute.internal systemd[1]: Started Session c5 of user root.
Sep 14 22:44:44 ip-192-168-174-215.us-west-2.compute.internal sudo[3769]: pam_unix(sudo:session): session opened for user root by (uid=0)
Sep 14 22:44:44 ip-192-168-174-215.us-west-2.compute.internal sudo[3769]: pam_unix(sudo:session): session closed for user root
Sep 14 22:44:44 ip-192-168-174-215.us-west-2.compute.internal systemd[1]: Removed slice User Slice of root.
Sep 14 22:44:44 ip-192-168-174-215.us-west-2.compute.internal sudo[3774]:     root : TTY=unknown ; PWD=/ ; USER=root ; COMMAND=/bin/mv /etc/eks/containerd/kubelet-containerd.service /etc/systemd/system/kubelet.service
Sep 14 22:44:44 ip-192-168-174-215.us-west-2.compute.internal systemd[1]: Created slice User Slice of root.
Sep 14 22:44:44 ip-192-168-174-215.us-west-2.compute.internal systemd[1]: Started Session c6 of user root.
Sep 14 22:44:44 ip-192-168-174-215.us-west-2.compute.internal sudo[3774]: pam_unix(sudo:session): session opened for user root by (uid=0)
Sep 14 22:44:44 ip-192-168-174-215.us-west-2.compute.internal sudo[3774]: pam_unix(sudo:session): session closed for user root
Sep 14 22:44:44 ip-192-168-174-215.us-west-2.compute.internal systemd[1]: Removed slice User Slice of root.
Sep 14 22:44:44 ip-192-168-174-215.us-west-2.compute.internal sudo[3779]:     root : TTY=unknown ; PWD=/ ; USER=root ; COMMAND=/bin/chown root:root /etc/systemd/system/kubelet.service
Sep 14 22:44:44 ip-192-168-174-215.us-west-2.compute.internal systemd[1]: Created slice User Slice of root.
Sep 14 22:44:44 ip-192-168-174-215.us-west-2.compute.internal systemd[1]: Started Session c7 of user root.
Sep 14 22:44:44 ip-192-168-174-215.us-west-2.compute.internal sudo[3779]: pam_unix(sudo:session): session opened for user root by (uid=0)
Sep 14 22:44:44 ip-192-168-174-215.us-west-2.compute.internal sudo[3779]: pam_unix(sudo:session): session closed for user root
Sep 14 22:44:44 ip-192-168-174-215.us-west-2.compute.internal systemd[1]: Removed slice User Slice of root.
Sep 14 22:44:44 ip-192-168-174-215.us-west-2.compute.internal sudo[3784]:     root : TTY=unknown ; PWD=/ ; USER=root ; COMMAND=/bin/chown root:root /etc/systemd/system/sandbox-image.service
Sep 14 22:44:44 ip-192-168-174-215.us-west-2.compute.internal systemd[1]: Created slice User Slice of root.
Sep 14 22:44:44 ip-192-168-174-215.us-west-2.compute.internal systemd[1]: Started Session c8 of user root.
Sep 14 22:44:44 ip-192-168-174-215.us-west-2.compute.internal sudo[3784]: pam_unix(sudo:session): session opened for user root by (uid=0)
Sep 14 22:44:44 ip-192-168-174-215.us-west-2.compute.internal sudo[3784]: pam_unix(sudo:session): session closed for user root
Sep 14 22:44:44 ip-192-168-174-215.us-west-2.compute.internal systemd[1]: Removed slice User Slice of root.
Sep 14 22:44:44 ip-192-168-174-215.us-west-2.compute.internal systemd[1]: Reloading.
Sep 14 22:44:44 ip-192-168-174-215.us-west-2.compute.internal amazon-ssm-agent[3591]: 2021-09-14 22:44:44 INFO Agent will take identity from EC2
Sep 14 22:44:44 ip-192-168-174-215.us-west-2.compute.internal systemd[1]: Reloading.
Sep 14 22:44:44 ip-192-168-174-215.us-west-2.compute.internal cloud-init[3517]: Created symlink from /etc/systemd/system/multi-user.target.wants/containerd.service to /usr/lib/systemd/system/containerd.service.
Sep 14 22:44:44 ip-192-168-174-215.us-west-2.compute.internal amazon-ssm-agent[3591]: 2021-09-14 22:44:44 INFO [amazon-ssm-agent] using named pipe channel for IPC
Sep 14 22:44:44 ip-192-168-174-215.us-west-2.compute.internal systemd[1]: Starting containerd container runtime...
Sep 14 22:44:44 ip-192-168-174-215.us-west-2.compute.internal amazon-ssm-agent[3591]: 2021-09-14 22:44:44 INFO [amazon-ssm-agent] using named pipe channel for IPC
Sep 14 22:44:44 ip-192-168-174-215.us-west-2.compute.internal amazon-ssm-agent[3591]: 2021-09-14 22:44:44 INFO [amazon-ssm-agent] using named pipe channel for IPC
Sep 14 22:44:44 ip-192-168-174-215.us-west-2.compute.internal amazon-ssm-agent[3591]: 2021-09-14 22:44:44 INFO [amazon-ssm-agent] amazon-ssm-agent - v3.1.282.0
Sep 14 22:44:44 ip-192-168-174-215.us-west-2.compute.internal amazon-ssm-agent[3591]: 2021-09-14 22:44:44 INFO [amazon-ssm-agent] OS: linux, Arch: amd64
Sep 14 22:44:45 ip-192-168-174-215.us-west-2.compute.internal amazon-ssm-agent[3591]: 2021-09-14 22:44:45 INFO [amazon-ssm-agent] [LongRunningWorkerContainer] [WorkerProvider] Worker ssm-agent-worker is not running, starting worker process
Sep 14 22:44:45 ip-192-168-174-215.us-west-2.compute.internal amazon-ssm-agent[3591]: 2021-09-14 22:44:45 INFO [amazon-ssm-agent] [LongRunningWorkerContainer] [WorkerProvider] Worker ssm-agent-worker (pid:3929) started
Sep 14 22:44:45 ip-192-168-174-215.us-west-2.compute.internal amazon-ssm-agent[3591]: 2021-09-14 22:44:45 INFO [amazon-ssm-agent] [LongRunningWorkerContainer] Monitor long running worker health every 60 seconds
Sep 14 22:44:45 ip-192-168-174-215.us-west-2.compute.internal containerd[3882]: time="2021-09-14T22:44:45.294718683Z" level=info msg="starting containerd" revision=d71fcd7d8303cbf684402823e425e9dd2e99285d version=1.4.6
Sep 14 22:44:45 ip-192-168-174-215.us-west-2.compute.internal containerd[3882]: time="2021-09-14T22:44:45.322874895Z" level=info msg="loading plugin \"io.containerd.content.v1.content\"..." type=io.containerd.content.v1
Sep 14 22:44:45 ip-192-168-174-215.us-west-2.compute.internal containerd[3882]: time="2021-09-14T22:44:45.323042378Z" level=info msg="loading plugin \"io.containerd.snapshotter.v1.aufs\"..." type=io.containerd.snapshotter.v1
Sep 14 22:44:45 ip-192-168-174-215.us-west-2.compute.internal containerd[3882]: time="2021-09-14T22:44:45.323958061Z" level=info msg="skip loading plugin \"io.containerd.snapshotter.v1.aufs\"..." error="aufs is not supported (modprobe aufs failed: exit status 1 \"modprobe: FATAL: Module aufs not found in directory /lib/modules/5.4.141-67.229.amzn2.x86_64\\n\"): skip plugin" type=io.containerd.snapshotter.v1
Sep 14 22:44:45 ip-192-168-174-215.us-west-2.compute.internal containerd[3882]: time="2021-09-14T22:44:45.323992541Z" level=info msg="loading plugin \"io.containerd.snapshotter.v1.btrfs\"..." type=io.containerd.snapshotter.v1
Sep 14 22:44:45 ip-192-168-174-215.us-west-2.compute.internal containerd[3882]: time="2021-09-14T22:44:45.324210764Z" level=info msg="skip loading plugin \"io.containerd.snapshotter.v1.btrfs\"..." error="path /var/lib/containerd/io.containerd.snapshotter.v1.btrfs (xfs) must be a btrfs filesystem to be used with the btrfs snapshotter: skip plugin" type=io.containerd.snapshotter.v1
Sep 14 22:44:45 ip-192-168-174-215.us-west-2.compute.internal containerd[3882]: time="2021-09-14T22:44:45.324240475Z" level=info msg="loading plugin \"io.containerd.snapshotter.v1.devmapper\"..." type=io.containerd.snapshotter.v1
Sep 14 22:44:45 ip-192-168-174-215.us-west-2.compute.internal containerd[3882]: time="2021-09-14T22:44:45.324264825Z" level=warning msg="failed to load plugin io.containerd.snapshotter.v1.devmapper" error="devmapper not configured"
Sep 14 22:44:45 ip-192-168-174-215.us-west-2.compute.internal containerd[3882]: time="2021-09-14T22:44:45.324277135Z" level=info msg="loading plugin \"io.containerd.snapshotter.v1.native\"..." type=io.containerd.snapshotter.v1
Sep 14 22:44:45 ip-192-168-174-215.us-west-2.compute.internal containerd[3882]: time="2021-09-14T22:44:45.324325606Z" level=info msg="loading plugin \"io.containerd.snapshotter.v1.overlayfs\"..." type=io.containerd.snapshotter.v1
Sep 14 22:44:45 ip-192-168-174-215.us-west-2.compute.internal containerd[3882]: time="2021-09-14T22:44:45.324499428Z" level=info msg="loading plugin \"io.containerd.snapshotter.v1.zfs\"..." type=io.containerd.snapshotter.v1
Sep 14 22:44:45 ip-192-168-174-215.us-west-2.compute.internal containerd[3882]: time="2021-09-14T22:44:45.324623720Z" level=info msg="skip loading plugin \"io.containerd.snapshotter.v1.zfs\"..." error="path /var/lib/containerd/io.containerd.snapshotter.v1.zfs must be a zfs filesystem to be used with the zfs snapshotter: skip plugin" type=io.containerd.snapshotter.v1
Sep 14 22:44:45 ip-192-168-174-215.us-west-2.compute.internal containerd[3882]: time="2021-09-14T22:44:45.324636700Z" level=info msg="loading plugin \"io.containerd.metadata.v1.bolt\"..." type=io.containerd.metadata.v1
Sep 14 22:44:45 ip-192-168-174-215.us-west-2.compute.internal containerd[3882]: time="2021-09-14T22:44:45.324662560Z" level=warning msg="could not use snapshotter devmapper in metadata plugin" error="devmapper not configured"
Sep 14 22:44:45 ip-192-168-174-215.us-west-2.compute.internal containerd[3882]: time="2021-09-14T22:44:45.324670361Z" level=info msg="metadata content store policy set" policy=shared
Sep 14 22:44:45 ip-192-168-174-215.us-west-2.compute.internal containerd[3882]: time="2021-09-14T22:44:45.330154147Z" level=info msg="loading plugin \"io.containerd.differ.v1.walking\"..." type=io.containerd.differ.v1
Sep 14 22:44:45 ip-192-168-174-215.us-west-2.compute.internal containerd[3882]: time="2021-09-14T22:44:45.330181867Z" level=info msg="loading plugin \"io.containerd.gc.v1.scheduler\"..." type=io.containerd.gc.v1
Sep 14 22:44:45 ip-192-168-174-215.us-west-2.compute.internal containerd[3882]: time="2021-09-14T22:44:45.330211507Z" level=info msg="loading plugin \"io.containerd.service.v1.introspection-service\"..." type=io.containerd.service.v1
Sep 14 22:44:45 ip-192-168-174-215.us-west-2.compute.internal containerd[3882]: time="2021-09-14T22:44:45.330235508Z" level=info msg="loading plugin \"io.containerd.service.v1.containers-service\"..." type=io.containerd.service.v1
Sep 14 22:44:45 ip-192-168-174-215.us-west-2.compute.internal containerd[3882]: time="2021-09-14T22:44:45.330246098Z" level=info msg="loading plugin \"io.containerd.service.v1.content-service\"..." type=io.containerd.service.v1
Sep 14 22:44:45 ip-192-168-174-215.us-west-2.compute.internal containerd[3882]: time="2021-09-14T22:44:45.330255408Z" level=info msg="loading plugin \"io.containerd.service.v1.diff-service\"..." type=io.containerd.service.v1
Sep 14 22:44:45 ip-192-168-174-215.us-west-2.compute.internal containerd[3882]: time="2021-09-14T22:44:45.330266008Z" level=info msg="loading plugin \"io.containerd.service.v1.images-service\"..." type=io.containerd.service.v1
Sep 14 22:44:45 ip-192-168-174-215.us-west-2.compute.internal containerd[3882]: time="2021-09-14T22:44:45.330277668Z" level=info msg="loading plugin \"io.containerd.service.v1.leases-service\"..." type=io.containerd.service.v1
Sep 14 22:44:45 ip-192-168-174-215.us-west-2.compute.internal containerd[3882]: time="2021-09-14T22:44:45.330288299Z" level=info msg="loading plugin \"io.containerd.service.v1.namespaces-service\"..." type=io.containerd.service.v1
Sep 14 22:44:45 ip-192-168-174-215.us-west-2.compute.internal containerd[3882]: time="2021-09-14T22:44:45.330298749Z" level=info msg="loading plugin \"io.containerd.service.v1.snapshots-service\"..." type=io.containerd.service.v1
Sep 14 22:44:45 ip-192-168-174-215.us-west-2.compute.internal containerd[3882]: time="2021-09-14T22:44:45.330308509Z" level=info msg="loading plugin \"io.containerd.runtime.v1.linux\"..." type=io.containerd.runtime.v1
Sep 14 22:44:45 ip-192-168-174-215.us-west-2.compute.internal containerd[3882]: time="2021-09-14T22:44:45.330382530Z" level=info msg="loading plugin \"io.containerd.runtime.v2.task\"..." type=io.containerd.runtime.v2
Sep 14 22:44:45 ip-192-168-174-215.us-west-2.compute.internal containerd[3882]: time="2021-09-14T22:44:45.330446681Z" level=info msg="loading plugin \"io.containerd.monitor.v1.cgroups\"..." type=io.containerd.monitor.v1
Sep 14 22:44:45 ip-192-168-174-215.us-west-2.compute.internal containerd[3882]: time="2021-09-14T22:44:45.330783995Z" level=info msg="loading plugin \"io.containerd.service.v1.tasks-service\"..." type=io.containerd.service.v1
Sep 14 22:44:45 ip-192-168-174-215.us-west-2.compute.internal containerd[3882]: time="2021-09-14T22:44:45.330803856Z" level=info msg="loading plugin \"io.containerd.internal.v1.restart\"..." type=io.containerd.internal.v1
Sep 14 22:44:45 ip-192-168-174-215.us-west-2.compute.internal containerd[3882]: time="2021-09-14T22:44:45.330845076Z" level=info msg="loading plugin \"io.containerd.grpc.v1.containers\"..." type=io.containerd.grpc.v1
Sep 14 22:44:45 ip-192-168-174-215.us-west-2.compute.internal containerd[3882]: time="2021-09-14T22:44:45.330856376Z" level=info msg="loading plugin \"io.containerd.grpc.v1.content\"..." type=io.containerd.grpc.v1
Sep 14 22:44:45 ip-192-168-174-215.us-west-2.compute.internal containerd[3882]: time="2021-09-14T22:44:45.330868317Z" level=info msg="loading plugin \"io.containerd.grpc.v1.diff\"..." type=io.containerd.grpc.v1
Sep 14 22:44:45 ip-192-168-174-215.us-west-2.compute.internal containerd[3882]: time="2021-09-14T22:44:45.330878057Z" level=info msg="loading plugin \"io.containerd.grpc.v1.events\"..." type=io.containerd.grpc.v1
Sep 14 22:44:45 ip-192-168-174-215.us-west-2.compute.internal containerd[3882]: time="2021-09-14T22:44:45.330887867Z" level=info msg="loading plugin \"io.containerd.grpc.v1.healthcheck\"..." type=io.containerd.grpc.v1
Sep 14 22:44:45 ip-192-168-174-215.us-west-2.compute.internal containerd[3882]: time="2021-09-14T22:44:45.330898267Z" level=info msg="loading plugin \"io.containerd.grpc.v1.images\"..." type=io.containerd.grpc.v1
Sep 14 22:44:45 ip-192-168-174-215.us-west-2.compute.internal containerd[3882]: time="2021-09-14T22:44:45.330907457Z" level=info msg="loading plugin \"io.containerd.grpc.v1.leases\"..." type=io.containerd.grpc.v1
Sep 14 22:44:45 ip-192-168-174-215.us-west-2.compute.internal containerd[3882]: time="2021-09-14T22:44:45.330916417Z" level=info msg="loading plugin \"io.containerd.grpc.v1.namespaces\"..." type=io.containerd.grpc.v1
Sep 14 22:44:45 ip-192-168-174-215.us-west-2.compute.internal containerd[3882]: time="2021-09-14T22:44:45.330925827Z" level=info msg="loading plugin \"io.containerd.internal.v1.opt\"..." type=io.containerd.internal.v1
Sep 14 22:44:45 ip-192-168-174-215.us-west-2.compute.internal containerd[3882]: time="2021-09-14T22:44:45.330990638Z" level=info msg="loading plugin \"io.containerd.grpc.v1.snapshots\"..." type=io.containerd.grpc.v1
Sep 14 22:44:45 ip-192-168-174-215.us-west-2.compute.internal containerd[3882]: time="2021-09-14T22:44:45.331004218Z" level=info msg="loading plugin \"io.containerd.grpc.v1.tasks\"..." type=io.containerd.grpc.v1
Sep 14 22:44:45 ip-192-168-174-215.us-west-2.compute.internal containerd[3882]: time="2021-09-14T22:44:45.331013979Z" level=info msg="loading plugin \"io.containerd.grpc.v1.version\"..." type=io.containerd.grpc.v1
Sep 14 22:44:45 ip-192-168-174-215.us-west-2.compute.internal containerd[3882]: time="2021-09-14T22:44:45.331022429Z" level=info msg="loading plugin \"io.containerd.grpc.v1.cri\"..." type=io.containerd.grpc.v1
Sep 14 22:44:45 ip-192-168-174-215.us-west-2.compute.internal containerd[3882]: time="2021-09-14T22:44:45.331147590Z" level=info msg="Start cri plugin with config {PluginConfig:{ContainerdConfig:{Snapshotter:overlayfs DefaultRuntimeName:runc DefaultRuntime:{Type: Engine: PodAnnotations:[] ContainerAnnotations:[] Root: Options:<nil> PrivilegedWithoutHostDevices:false BaseRuntimeSpec:} UntrustedWorkloadRuntime:{Type: Engine: PodAnnotations:[] ContainerAnnotations:[] Root: Options:<nil> PrivilegedWithoutHostDevices:false BaseRuntimeSpec:} Runtimes:map[runc:{Type:io.containerd.runc.v2 Engine: PodAnnotations:[] ContainerAnnotations:[] Root: Options:<nil> PrivilegedWithoutHostDevices:false BaseRuntimeSpec:}] NoPivot:false DisableSnapshotAnnotations:true DiscardUnpackedLayers:false} CniConfig:{NetworkPluginBinDir:/opt/cni/bin NetworkPluginConfDir:/etc/cni/net.d NetworkPluginMaxConfNum:1 NetworkPluginConfTemplate:} Registry:{Mirrors:map[docker.io:{Endpoints:[https://registry-1.docker.io]}] Configs:map[] Auths:map[] Headers:map[]} ImageDecryption:{KeyModel:} DisableTCPService:true StreamServerAddress:127.0.0.1 StreamServerPort:0 StreamIdleTimeout:4h0m0s EnableSelinux:false SelinuxCategoryRange:1024 SandboxImage:602401143452.dkr.ecr.us-west-2.amazonaws.com/eks/pause:3.1-eksbuild.1 StatsCollectPeriod:10 SystemdCgroup:false EnableTLSStreaming:false X509KeyPairStreaming:{TLSCertFile: TLSKeyFile:} MaxContainerLogLineSize:16384 DisableCgroup:false DisableApparmor:false RestrictOOMScoreAdj:false MaxConcurrentDownloads:3 DisableProcMount:false UnsetSeccompProfile: TolerateMissingHugetlbController:true DisableHugetlbController:true IgnoreImageDefinedVolumes:false} ContainerdRootDir:/var/lib/containerd ContainerdEndpoint:/run/dockershim.sock RootDir:/var/lib/containerd/io.containerd.grpc.v1.cri StateDir:/run/containerd/io.containerd.grpc.v1.cri}"
Sep 14 22:44:45 ip-192-168-174-215.us-west-2.compute.internal containerd[3882]: time="2021-09-14T22:44:45.331188821Z" level=info msg="Connect containerd service"
Sep 14 22:44:45 ip-192-168-174-215.us-west-2.compute.internal containerd[3882]: time="2021-09-14T22:44:45.331430014Z" level=info msg="Get image filesystem path \"/var/lib/containerd/io.containerd.snapshotter.v1.overlayfs\""
Sep 14 22:44:45 ip-192-168-174-215.us-west-2.compute.internal systemd[1]: Started containerd container runtime.
Sep 14 22:44:45 ip-192-168-174-215.us-west-2.compute.internal containerd[3882]: time="2021-09-14T22:44:45.331895201Z" level=error msg="failed to load cni during init, please check CRI plugin status before setting up network for pods" error="cni config load failed: no network config found in /etc/cni/net.d: cni plugin not initialized: failed to load cni config"
Sep 14 22:44:45 ip-192-168-174-215.us-west-2.compute.internal containerd[3882]: time="2021-09-14T22:44:45.331931681Z" level=info msg="loading plugin \"io.containerd.grpc.v1.introspection\"..." type=io.containerd.grpc.v1
Sep 14 22:44:45 ip-192-168-174-215.us-west-2.compute.internal containerd[3882]: time="2021-09-14T22:44:45.332042363Z" level=info msg="Start subscribing containerd event"
Sep 14 22:44:45 ip-192-168-174-215.us-west-2.compute.internal containerd[3882]: time="2021-09-14T22:44:45.332142154Z" level=info msg="Start recovering state"
Sep 14 22:44:45 ip-192-168-174-215.us-west-2.compute.internal containerd[3882]: time="2021-09-14T22:44:45.332247366Z" level=info msg="Start event monitor"
Sep 14 22:44:45 ip-192-168-174-215.us-west-2.compute.internal containerd[3882]: time="2021-09-14T22:44:45.332269576Z" level=info msg="Start snapshots syncer"
Sep 14 22:44:45 ip-192-168-174-215.us-west-2.compute.internal containerd[3882]: time="2021-09-14T22:44:45.332276716Z" level=info msg="Start cni network conf syncer"
Sep 14 22:44:45 ip-192-168-174-215.us-west-2.compute.internal containerd[3882]: time="2021-09-14T22:44:45.332282586Z" level=info msg="Start streaming server"
Sep 14 22:44:45 ip-192-168-174-215.us-west-2.compute.internal containerd[3882]: time="2021-09-14T22:44:45.332346667Z" level=info msg=serving... address=/run/dockershim.sock.ttrpc
